Archive member included to satisfy reference by file (symbol)

c:/program files (x86)/atmel/studio/7.0/toolchain/arm/arm-gnu-toolchain/bin/../lib/gcc/arm-none-eabi/6.3.1/thumb/v6-m\libgcc.a(_udivsi3.o)
                              src/ASF/common2/services/delay/sam0/systick_counter.o (__aeabi_uidiv)
c:/program files (x86)/atmel/studio/7.0/toolchain/arm/arm-gnu-toolchain/bin/../lib/gcc/arm-none-eabi/6.3.1/thumb/v6-m\libgcc.a(_dvmd_tls.o)
                              c:/program files (x86)/atmel/studio/7.0/toolchain/arm/arm-gnu-toolchain/bin/../lib/gcc/arm-none-eabi/6.3.1/thumb/v6-m\libgcc.a(_udivsi3.o) (__aeabi_idiv0)
c:/program files (x86)/atmel/studio/7.0/toolchain/arm/arm-gnu-toolchain/bin/../lib/gcc/arm-none-eabi/6.3.1/thumb/v6-m\libgcc.a(_muldi3.o)
                              src/ASF/sam0/drivers/sercom/sercom.o (__aeabi_lmul)
c:/program files (x86)/atmel/studio/7.0/toolchain/arm/arm-gnu-toolchain/bin/../lib/gcc/arm-none-eabi/6.3.1/../../../../arm-none-eabi/lib/thumb/v6-m\libc.a(lib_a-exit.o)
                              c:/program files (x86)/atmel/studio/7.0/toolchain/arm/arm-gnu-toolchain/bin/../lib/gcc/arm-none-eabi/6.3.1/../../../../arm-none-eabi/lib/thumb/v6-m/crt0.o (exit)
c:/program files (x86)/atmel/studio/7.0/toolchain/arm/arm-gnu-toolchain/bin/../lib/gcc/arm-none-eabi/6.3.1/../../../../arm-none-eabi/lib/thumb/v6-m\libc.a(lib_a-impure.o)
                              c:/program files (x86)/atmel/studio/7.0/toolchain/arm/arm-gnu-toolchain/bin/../lib/gcc/arm-none-eabi/6.3.1/../../../../arm-none-eabi/lib/thumb/v6-m\libc.a(lib_a-exit.o) (_global_impure_ptr)
c:/program files (x86)/atmel/studio/7.0/toolchain/arm/arm-gnu-toolchain/bin/../lib/gcc/arm-none-eabi/6.3.1/../../../../arm-none-eabi/lib/thumb/v6-m\libc.a(lib_a-init.o)
                              c:/program files (x86)/atmel/studio/7.0/toolchain/arm/arm-gnu-toolchain/bin/../lib/gcc/arm-none-eabi/6.3.1/../../../../arm-none-eabi/lib/thumb/v6-m/crt0.o (__libc_init_array)
c:/program files (x86)/atmel/studio/7.0/toolchain/arm/arm-gnu-toolchain/bin/../lib/gcc/arm-none-eabi/6.3.1/../../../../arm-none-eabi/lib/thumb/v6-m\libc.a(lib_a-memset.o)
                              c:/program files (x86)/atmel/studio/7.0/toolchain/arm/arm-gnu-toolchain/bin/../lib/gcc/arm-none-eabi/6.3.1/../../../../arm-none-eabi/lib/thumb/v6-m/crt0.o (memset)
c:/program files (x86)/atmel/studio/7.0/toolchain/arm/arm-gnu-toolchain/bin/../lib/gcc/arm-none-eabi/6.3.1/../../../../arm-none-eabi/lib/thumb/v6-m\libc.a(lib_a-__call_atexit.o)
                              c:/program files (x86)/atmel/studio/7.0/toolchain/arm/arm-gnu-toolchain/bin/../lib/gcc/arm-none-eabi/6.3.1/../../../../arm-none-eabi/lib/thumb/v6-m\libc.a(lib_a-exit.o) (__call_exitprocs)
c:/program files (x86)/atmel/studio/7.0/toolchain/arm/arm-gnu-toolchain/bin/../lib/gcc/arm-none-eabi/6.3.1/../../../../arm-none-eabi/lib/thumb/v6-m\libc.a(lib_a-atexit.o)
                              c:/program files (x86)/atmel/studio/7.0/toolchain/arm/arm-gnu-toolchain/bin/../lib/gcc/arm-none-eabi/6.3.1/../../../../arm-none-eabi/lib/thumb/v6-m\libc.a(lib_a-__call_atexit.o) (atexit)
c:/program files (x86)/atmel/studio/7.0/toolchain/arm/arm-gnu-toolchain/bin/../lib/gcc/arm-none-eabi/6.3.1/../../../../arm-none-eabi/lib/thumb/v6-m\libc.a(lib_a-fini.o)
                              c:/program files (x86)/atmel/studio/7.0/toolchain/arm/arm-gnu-toolchain/bin/../lib/gcc/arm-none-eabi/6.3.1/../../../../arm-none-eabi/lib/thumb/v6-m\libc.a(lib_a-__call_atexit.o) (__libc_fini_array)
c:/program files (x86)/atmel/studio/7.0/toolchain/arm/arm-gnu-toolchain/bin/../lib/gcc/arm-none-eabi/6.3.1/../../../../arm-none-eabi/lib/thumb/v6-m\libc.a(lib_a-lock.o)
                              c:/program files (x86)/atmel/studio/7.0/toolchain/arm/arm-gnu-toolchain/bin/../lib/gcc/arm-none-eabi/6.3.1/../../../../arm-none-eabi/lib/thumb/v6-m\libc.a(lib_a-__call_atexit.o) (__retarget_lock_acquire_recursive)
c:/program files (x86)/atmel/studio/7.0/toolchain/arm/arm-gnu-toolchain/bin/../lib/gcc/arm-none-eabi/6.3.1/../../../../arm-none-eabi/lib/thumb/v6-m\libc.a(lib_a-__atexit.o)
                              c:/program files (x86)/atmel/studio/7.0/toolchain/arm/arm-gnu-toolchain/bin/../lib/gcc/arm-none-eabi/6.3.1/../../../../arm-none-eabi/lib/thumb/v6-m\libc.a(lib_a-atexit.o) (__register_exitproc)

Allocating common symbols
Common symbol       size              file

__lock___atexit_recursive_mutex
                    0x1               c:/program files (x86)/atmel/studio/7.0/toolchain/arm/arm-gnu-toolchain/bin/../lib/gcc/arm-none-eabi/6.3.1/../../../../arm-none-eabi/lib/thumb/v6-m\libc.a(lib_a-lock.o)
__lock___arc4random_mutex
                    0x1               c:/program files (x86)/atmel/studio/7.0/toolchain/arm/arm-gnu-toolchain/bin/../lib/gcc/arm-none-eabi/6.3.1/../../../../arm-none-eabi/lib/thumb/v6-m\libc.a(lib_a-lock.o)
__lock___env_recursive_mutex
[...]
Memory Configuration

Name             Origin             Length             Attributes
rom              0x00000000         0x00040000         xr
ram              0x20000000         0x00008000         xrw
*default*        0x00000000         0xffffffff

Linker script and memory map

LOAD c:/program files (x86)/atmel/studio/7.0/toolchain/arm/arm-gnu-toolchain/bin/../lib/gcc/arm-none-eabi/6.3.1/thumb/v6-m/crti.o
LOAD c:/program files (x86)/atmel/studio/7.0/toolchain/arm/arm-gnu-toolchain/bin/../lib/gcc/arm-none-eabi/6.3.1/thumb/v6-m/crtbegin.o
LOAD c:/program files (x86)/atmel/studio/7.0/toolchain/arm/arm-gnu-toolchain/bin/../lib/gcc/arm-none-eabi/6.3.1/../../../../arm-none-eabi/lib/thumb/v6-m/crt0.o
LOAD lib/Serial.o
LOAD main.o
LOAD src/ASF/sam0/drivers/sercom/sercom.o
LOAD src/ASF/sam0/drivers/sercom/usart/usart.o
LOAD src/ASF/sam0/drivers/sercom/usart/usart_interrupt.o
LOAD src/ASF/sam0/drivers/sercom/sercom_interrupt.o
LOAD src/ASF/common2/services/delay/sam0/systick_counter.o
LOAD src/ASF/sam0/drivers/port/port.o
LOAD src/ASF/common2/boards/user_board/init.o
LOAD src/ASF/common/utils/interrupt/interrupt_sam_nvic.o
LOAD src/ASF/sam0/drivers/system/clock/clock_samd21_r21_da_ha1/clock.o
LOAD src/ASF/sam0/drivers/system/clock/clock_samd21_r21_da_ha1/gclk.o
LOAD src/ASF/sam0/drivers/system/interrupt/system_interrupt.o
LOAD src/ASF/sam0/drivers/system/pinmux/pinmux.o
LOAD src/ASF/sam0/drivers/system/system.o
LOAD src/ASF/sam0/utils/cmsis/samd21/source/gcc/startup_samd21.o
LOAD src/ASF/sam0/utils/cmsis/samd21/source/system_samd21.o
LOAD src/ASF/sam0/utils/syscalls/gcc/syscalls.o
START GROUP
LOAD ../src/ASF/thirdparty/CMSIS/Lib/GCC\libarm_cortexM0l_math.a
END GROUP
LOAD c:/program files (x86)/atmel/studio/7.0/toolchain/arm/arm-gnu-toolchain/bin/../lib/gcc/arm-none-eabi/6.3.1/../../../../arm-none-eabi/lib/thumb/v6-m\libstdc++.a
LOAD c:/program files (x86)/atmel/studio/7.0/toolchain/arm/arm-gnu-toolchain/bin/../lib/gcc/arm-none-eabi/6.3.1/../../../../arm-none-eabi/lib/thumb/v6-m\libm.a
START GROUP
LOAD c:/program files (x86)/atmel/studio/7.0/toolchain/arm/arm-gnu-toolchain/bin/../lib/gcc/arm-none-eabi/6.3.1/thumb/v6-m\libgcc.a
LOAD c:/program files (x86)/atmel/studio/7.0/toolchain/arm/arm-gnu-toolchain/bin/../lib/gcc/arm-none-eabi/6.3.1/../../../../arm-none-eabi/lib/thumb/v6-m\libc.a
END GROUP
LOAD c:/program files (x86)/atmel/studio/7.0/toolchain/arm/arm-gnu-toolchain/bin/../lib/gcc/arm-none-eabi/6.3.1/thumb/v6-m/crtend.o
LOAD c:/program files (x86)/atmel/studio/7.0/toolchain/arm/arm-gnu-toolchain/bin/../lib/gcc/arm-none-eabi/6.3.1/thumb/v6-m/crtn.o
                0x00002000                STACK_SIZE = DEFINED (STACK_SIZE)?STACK_SIZE:DEFINED (__stack_size__)?__stack_size__:0x2000

.text           0x00000000     0x2898
                0x00000000                . = ALIGN (0x4)
                0x00000000                _sfixed = .
 *(.vectors .vectors.*)
 .vectors       0x00000000       0xb4 src/ASF/sam0/utils/cmsis/samd21/source/gcc/startup_samd21.o
                0x00000000                exception_table
 *(.text .text.* .gnu.linkonce.t.*)
 .text          0x000000b4       0x60 c:/program files (x86)/atmel/studio/7.0/toolchain/arm/arm-gnu-toolchain/bin/../lib/gcc/arm-none-eabi/6.3.1/thumb/v6-m/crtbegin.o
 .text.system_interrupt_enable
                0x00000114       0x2c lib/Serial.o
 .text.usart_is_syncing
                0x00000140       0x20 lib/Serial.o
 .text._usart_wait_for_sync
                0x00000160       0x24 lib/Serial.o
 .text.usart_get_config_defaults
                0x00000184       0xbe lib/Serial.o
 *fill*         0x00000242        0x2 
 .text.usart_enable
                0x00000244       0x48 lib/Serial.o
 .text._ZN6Serial10initializeEv
                0x0000028c       0x94 lib/Serial.o
                0x0000028c                Serial::initialize()
 .text._ZN6Serial11writeStringEPct
                0x00000320       0x40 lib/Serial.o
                0x00000320                Serial::writeString(char*, unsigned short)
 .text._ZN6Serial4readEv
                0x00000360       0x3c lib/Serial.o
                0x00000360                Serial::read()
 .text._ZN6Serial10readStringEv
                0x0000039c       0x9c lib/Serial.o
                0x0000039c                Serial::readString()
 .text.main     0x00000438       0x6c main.o
                0x00000438                main
 .text.system_gclk_chan_get_config_defaults
                0x000004a4       0x16 src/ASF/sam0/drivers/sercom/sercom.o
 .text.long_division
                0x000004ba       0xe0 src/ASF/sam0/drivers/sercom/sercom.o
 .text._sercom_get_sync_baud_val
                0x0000059a       0x7c src/ASF/sam0/drivers/sercom/sercom.o
                0x0000059a                _sercom_get_sync_baud_val
 *fill*         0x00000616        0x2 
 .text._sercom_get_async_baud_val
                0x00000618      0x1c0 src/ASF/sam0/drivers/sercom/sercom.o
                0x00000618                _sercom_get_async_baud_val
 .text.sercom_set_gclk_generator
                0x000007d8       0x8c src/ASF/sam0/drivers/sercom/sercom.o
                0x000007d8                sercom_set_gclk_generator
 .text._sercom_get_default_pad
                0x00000864      0x1bc src/ASF/sam0/drivers/sercom/sercom.o
                0x00000864                _sercom_get_default_pad
 .text._sercom_get_sercom_inst_index
                0x00000a20       0x50 src/ASF/sam0/drivers/sercom/sercom.o
                0x00000a20                _sercom_get_sercom_inst_index
 .text.system_gclk_chan_get_config_defaults
                0x00000a70       0x16 src/ASF/sam0/drivers/sercom/usart/usart.o
 *fill*         0x00000a86        0x2 
 .text.system_apb_clock_set_mask
                0x00000a88       0x5c src/ASF/sam0/drivers/sercom/usart/usart.o
 .text.system_pinmux_get_config_defaults
                0x00000ae4       0x28 src/ASF/sam0/drivers/sercom/usart/usart.o
 .text.system_is_debugger_present
                0x00000b0c       0x20 src/ASF/sam0/drivers/sercom/usart/usart.o
 .text.usart_is_syncing
                0x00000b2c       0x20 src/ASF/sam0/drivers/sercom/usart/usart.o
 .text._usart_wait_for_sync
                0x00000b4c       0x24 src/ASF/sam0/drivers/sercom/usart/usart.o
 .text._usart_set_config
                0x00000b70      0x2dc src/ASF/sam0/drivers/sercom/usart/usart.o
 .text.usart_init
                0x00000e4c      0x274 src/ASF/sam0/drivers/sercom/usart/usart.o
                0x00000e4c                usart_init
 .text.usart_write_wait
                0x000010c0       0x64 src/ASF/sam0/drivers/sercom/usart/usart.o
                0x000010c0                usart_write_wait
 .text.usart_read_wait
                0x00001124       0xec src/ASF/sam0/drivers/sercom/usart/usart.o
                0x00001124                usart_read_wait
 .text.usart_write_buffer_wait
                0x00001210      0x12c src/ASF/sam0/drivers/sercom/usart/usart.o
                0x00001210                usart_write_buffer_wait
 .text.usart_is_syncing
                0x0000133c       0x20 src/ASF/sam0/drivers/sercom/usart/usart_interrupt.o
 .text._usart_wait_for_sync
                0x0000135c       0x24 src/ASF/sam0/drivers/sercom/usart/usart_interrupt.o
 .text._usart_interrupt_handler
                0x00001380      0x340 src/ASF/sam0/drivers/sercom/usart/usart_interrupt.o
                0x00001380                _usart_interrupt_handler
 .text._sercom_default_handler
                0x000016c0       0x14 src/ASF/sam0/drivers/sercom/sercom_interrupt.o
 .text._sercom_set_handler
                0x000016d4       0x6c src/ASF/sam0/drivers/sercom/sercom_interrupt.o
                0x000016d4                _sercom_set_handler
 .text._sercom_get_interrupt_vector
                0x00001740       0x44 src/ASF/sam0/drivers/sercom/sercom_interrupt.o
                0x00001740                _sercom_get_interrupt_vector
 .text.SERCOM0_Handler
                0x00001784       0x18 src/ASF/sam0/drivers/sercom/sercom_interrupt.o
                0x00001784                SERCOM0_Handler
 .text.SERCOM1_Handler
                0x0000179c       0x18 src/ASF/sam0/drivers/sercom/sercom_interrupt.o
                0x0000179c                SERCOM1_Handler
 .text.SERCOM2_Handler
                0x000017b4       0x18 src/ASF/sam0/drivers/sercom/sercom_interrupt.o
                0x000017b4                SERCOM2_Handler
 .text.SERCOM3_Handler
                0x000017cc       0x18 src/ASF/sam0/drivers/sercom/sercom_interrupt.o
                0x000017cc                SERCOM3_Handler
 .text.SERCOM4_Handler
                0x000017e4       0x18 src/ASF/sam0/drivers/sercom/sercom_interrupt.o
                0x000017e4                SERCOM4_Handler
 .text.SERCOM5_Handler
                0x000017fc       0x18 src/ASF/sam0/drivers/sercom/sercom_interrupt.o
                0x000017fc                SERCOM5_Handler
 .text.delay_init
                0x00001814       0x58 src/ASF/common2/services/delay/sam0/systick_counter.o
                0x00001814                delay_init
 .text.system_board_init
                0x0000186c        0xa src/ASF/common2/boards/user_board/init.o
                0x0000186c                board_init
                0x0000186c                system_board_init
 *fill*         0x00001876        0x2 
 .text.cpu_irq_enter_critical
                0x00001878       0x54 src/ASF/common/utils/interrupt/interrupt_sam_nvic.o
                0x00001878                cpu_irq_enter_critical
 .text.cpu_irq_leave_critical
                0x000018cc       0x40 src/ASF/common/utils/interrupt/interrupt_sam_nvic.o
                0x000018cc                cpu_irq_leave_critical
 .text.system_gclk_gen_get_config_defaults
                0x0000190c       0x2e src/ASF/sam0/drivers/system/clock/clock_samd21_r21_da_ha1/clock.o
 .text.system_clock_source_osc8m_get_config_defaults
                0x0000193a       0x22 src/ASF/sam0/drivers/system/clock/clock_samd21_r21_da_ha1/clock.o
 .text.system_cpu_clock_set_divider
                0x0000195c       0x20 src/ASF/sam0/drivers/system/clock/clock_samd21_r21_da_ha1/clock.o
 .text.system_apb_clock_set_divider
                0x0000197c       0x54 src/ASF/sam0/drivers/system/clock/clock_samd21_r21_da_ha1/clock.o
 .text.system_flash_set_waitstates
                0x000019d0       0x34 src/ASF/sam0/drivers/system/clock/clock_samd21_r21_da_ha1/clock.o
 .text._system_dfll_wait_for_sync
                0x00001a04       0x1c src/ASF/sam0/drivers/system/clock/clock_samd21_r21_da_ha1/clock.o
 .text._system_clock_source_dfll_set_config_errata_9905
                0x00001a20       0x44 src/ASF/sam0/drivers/system/clock/clock_samd21_r21_da_ha1/clock.o
 .text.system_clock_source_get_hz
                0x00001a64       0xbc src/ASF/sam0/drivers/system/clock/clock_samd21_r21_da_ha1/clock.o
                0x00001a64                system_clock_source_get_hz
 .text.system_clock_source_osc8m_set_config
                0x00001b20       0x78 src/ASF/sam0/drivers/system/clock/clock_samd21_r21_da_ha1/clock.o
                0x00001b20                system_clock_source_osc8m_set_config
 .text.system_clock_source_enable
                0x00001b98       0xac src/ASF/sam0/drivers/system/clock/clock_samd21_r21_da_ha1/clock.o
                0x00001b98                system_clock_source_enable
 .text._switch_peripheral_gclk
                0x00001c44       0x38 src/ASF/sam0/drivers/system/clock/clock_samd21_r21_da_ha1/clock.o
 .text.system_clock_init
                0x00001c7c       0xd4 src/ASF/sam0/drivers/system/clock/clock_samd21_r21_da_ha1/clock.o
                0x00001c7c                system_clock_init
 .text.system_apb_clock_set_mask
                0x00001d50       0x5c src/ASF/sam0/drivers/system/clock/clock_samd21_r21_da_ha1/gclk.o
 .text.system_interrupt_enter_critical_section
                0x00001dac       0x14 src/ASF/sam0/drivers/system/clock/clock_samd21_r21_da_ha1/gclk.o
 .text.system_interrupt_leave_critical_section
                0x00001dc0       0x14 src/ASF/sam0/drivers/system/clock/clock_samd21_r21_da_ha1/gclk.o
 .text.system_gclk_is_syncing
                0x00001dd4       0x20 src/ASF/sam0/drivers/system/clock/clock_samd21_r21_da_ha1/gclk.o
 .text.system_gclk_init
                0x00001df4       0x30 src/ASF/sam0/drivers/system/clock/clock_samd21_r21_da_ha1/gclk.o
                0x00001df4                system_gclk_init
 .text.system_gclk_gen_set_config
                0x00001e24      0x124 src/ASF/sam0/drivers/system/clock/clock_samd21_r21_da_ha1/gclk.o
                0x00001e24                system_gclk_gen_set_config
 .text.system_gclk_gen_enable
                0x00001f48       0x5c src/ASF/sam0/drivers/system/clock/clock_samd21_r21_da_ha1/gclk.o
                0x00001f48                system_gclk_gen_enable
 .text.system_gclk_gen_get_hz
                0x00001fa4       0xd8 src/ASF/sam0/drivers/system/clock/clock_samd21_r21_da_ha1/gclk.o
                0x00001fa4                system_gclk_gen_get_hz
 .text.system_gclk_chan_set_config
                0x0000207c       0x44 src/ASF/sam0/drivers/system/clock/clock_samd21_r21_da_ha1/gclk.o
                0x0000207c                system_gclk_chan_set_config
 .text.system_gclk_chan_enable
                0x000020c0       0x48 src/ASF/sam0/drivers/system/clock/clock_samd21_r21_da_ha1/gclk.o
                0x000020c0                system_gclk_chan_enable
 .text.system_gclk_chan_disable
                0x00002108       0x98 src/ASF/sam0/drivers/system/clock/clock_samd21_r21_da_ha1/gclk.o
                0x00002108                system_gclk_chan_disable
 .text.system_gclk_chan_get_hz
                0x000021a0       0x58 src/ASF/sam0/drivers/system/clock/clock_samd21_r21_da_ha1/gclk.o
                0x000021a0                system_gclk_chan_get_hz
 .text.system_pinmux_get_group_from_gpio_pin
                0x000021f8       0x60 src/ASF/sam0/drivers/system/pinmux/pinmux.o
 .text._system_pinmux_config
                0x00002258      0x110 src/ASF/sam0/drivers/system/pinmux/pinmux.o
 .text.system_pinmux_pin_set_config
                0x00002368       0x48 src/ASF/sam0/drivers/system/pinmux/pinmux.o
                0x00002368                system_pinmux_pin_set_config
 .text._system_dummy_init
                0x000023b0        0xa src/ASF/sam0/drivers/system/system.o
                0x000023b0                _system_extint_init
                0x000023b0                _system_events_init
                0x000023b0                _system_dummy_init
                0x000023b0                _system_divas_init
 *fill*         0x000023ba        0x2 
 .text.system_init
                0x000023bc       0x34 src/ASF/sam0/drivers/system/system.o
                0x000023bc                system_init
 .text.Reset_Handler
                0x000023f0       0xf8 src/ASF/sam0/utils/cmsis/samd21/source/gcc/startup_samd21.o
                0x000023f0                Reset_Handler
 .text.Dummy_Handler
                0x000024e8        0x6 src/ASF/sam0/utils/cmsis/samd21/source/gcc/startup_samd21.o
                0x000024e8                DMAC_Handler
                0x000024e8                HardFault_Handler
                0x000024e8                AC_Handler
                0x000024e8                SysTick_Handler
                0x000024e8                PendSV_Handler
                0x000024e8                NMI_Handler
                0x000024e8                ADC_Handler
                0x000024e8                TCC1_Handler
                0x000024e8                TCC0_Handler
                0x000024e8                RTC_Handler
                0x000024e8                EIC_Handler
                0x000024e8                WDT_Handler
                0x000024e8                TC4_Handler
                0x000024e8                USB_Handler
                0x000024e8                TC3_Handler
                0x000024e8                Dummy_Handler
                0x000024e8                PM_Handler
                0x000024e8                SVC_Handler
                0x000024e8                TCC2_Handler
                0x000024e8                EVSYS_Handler
                0x000024e8                I2S_Handler
                0x000024e8                NVMCTRL_Handler
                0x000024e8                DAC_Handler
                0x000024e8                PTC_Handler
                0x000024e8                TC5_Handler
                0x000024e8                SYSCTRL_Handler
 *fill*         0x000024ee        0x2 
 .text          0x000024f0      0x114 c:/program files (x86)/atmel/studio/7.0/toolchain/arm/arm-gnu-toolchain/bin/../lib/gcc/arm-none-eabi/6.3.1/thumb/v6-m\libgcc.a(_udivsi3.o)
                0x000024f0                __aeabi_uidiv
                0x000024f0                __udivsi3
                0x000025fc                __aeabi_uidivmod
 .text          0x00002604        0x4 c:/program files (x86)/atmel/studio/7.0/toolchain/arm/arm-gnu-toolchain/bin/../lib/gcc/arm-none-eabi/6.3.1/thumb/v6-m\libgcc.a(_dvmd_tls.o)
                0x00002604                __aeabi_idiv0
                0x00002604                __aeabi_ldiv0
 .text          0x00002608       0x54 c:/program files (x86)/atmel/studio/7.0/toolchain/arm/arm-gnu-toolchain/bin/../lib/gcc/arm-none-eabi/6.3.1/thumb/v6-m\libgcc.a(_muldi3.o)
                0x00002608                __muldi3
                0x00002608                __aeabi_lmul
 .text.__libc_init_array
                0x0000265c       0x48 c:/program files (x86)/atmel/studio/7.0/toolchain/arm/arm-gnu-toolchain/bin/../lib/gcc/arm-none-eabi/6.3.1/../../../../arm-none-eabi/lib/thumb/v6-m\libc.a(lib_a-init.o)
                0x0000265c                __libc_init_array
 .text.startup.register_fini
                0x000026a4       0x18 c:/program files (x86)/atmel/studio/7.0/toolchain/arm/arm-gnu-toolchain/bin/../lib/gcc/arm-none-eabi/6.3.1/../../../../arm-none-eabi/lib/thumb/v6-m\libc.a(lib_a-__call_atexit.o)
 .text.atexit   0x000026bc       0x10 c:/program files (x86)/atmel/studio/7.0/toolchain/arm/arm-gnu-toolchain/bin/../lib/gcc/arm-none-eabi/6.3.1/../../../../arm-none-eabi/lib/thumb/v6-m\libc.a(lib_a-atexit.o)
                0x000026bc                atexit
 .text.__libc_fini_array
                0x000026cc       0x34 c:/program files (x86)/atmel/studio/7.0/toolchain/arm/arm-gnu-toolchain/bin/../lib/gcc/arm-none-eabi/6.3.1/../../../../arm-none-eabi/lib/thumb/v6-m\libc.a(lib_a-fini.o)
                0x000026cc                __libc_fini_array
 .text.__retarget_lock_acquire_recursive
                0x00002700        0x4 c:/program files (x86)/atmel/studio/7.0/toolchain/arm/arm-gnu-toolchain/bin/../lib/gcc/arm-none-eabi/6.3.1/../../../../arm-none-eabi/lib/thumb/v6-m\libc.a(lib_a-lock.o)
                0x00002700                __retarget_lock_acquire_recursive
 .text.__retarget_lock_release_recursive
                0x00002704        0x4 c:/program files (x86)/atmel/studio/7.0/toolchain/arm/arm-gnu-toolchain/bin/../lib/gcc/arm-none-eabi/6.3.1/../../../../arm-none-eabi/lib/thumb/v6-m\libc.a(lib_a-lock.o)
                0x00002704                __retarget_lock_release_recursive
 .text.__register_exitproc
                0x00002708       0xf4 c:/program files (x86)/atmel/studio/7.0/toolchain/arm/arm-gnu-toolchain/bin/../lib/gcc/arm-none-eabi/6.3.1/../../../../arm-none-eabi/lib/thumb/v6-m\libc.a(lib_a-__atexit.o)
                0x00002708                __register_exitproc
 *(.glue_7t)
 .glue_7t       0x000027fc        0x0 linker stubs
 *(.glue_7)
 .glue_7        0x000027fc        0x0 linker stubs
 *(.rodata .rodata* .gnu.linkonce.r.*)
 .rodata        0x000027fc        0xa main.o
 *fill*         0x00002806        0x2 
 .rodata        0x00002808       0x18 src/ASF/sam0/drivers/sercom/sercom.o
 .rodata        0x00002820        0x6 src/ASF/sam0/drivers/sercom/sercom_interrupt.o
 *fill*         0x00002826        0x2 
 .rodata.system_clock_source_get_hz
                0x00002828       0x24 src/ASF/sam0/drivers/system/clock/clock_samd21_r21_da_ha1/clock.o
 .rodata.system_clock_source_enable
                0x0000284c       0x24 src/ASF/sam0/drivers/system/clock/clock_samd21_r21_da_ha1/clock.o
 .rodata._global_impure_ptr
                0x00002870        0x4 c:/program files (x86)/atmel/studio/7.0/toolchain/arm/arm-gnu-toolchain/bin/../lib/gcc/arm-none-eabi/6.3.1/../../../../arm-none-eabi/lib/thumb/v6-m\libc.a(lib_a-impure.o)
                0x00002870                _global_impure_ptr
 *(.ARM.extab* .gnu.linkonce.armextab.*)
                0x00002874                . = ALIGN (0x4)
 *(.init)
 .init          0x00002874        0x4 c:/program files (x86)/atmel/studio/7.0/toolchain/arm/arm-gnu-toolchain/bin/../lib/gcc/arm-none-eabi/6.3.1/thumb/v6-m/crti.o
                0x00002874                _init
 .init          0x00002878        0x8 c:/program files (x86)/atmel/studio/7.0/toolchain/arm/arm-gnu-toolchain/bin/../lib/gcc/arm-none-eabi/6.3.1/thumb/v6-m/crtn.o
                0x00002880                . = ALIGN (0x4)
                0x00002880                __preinit_array_start = .
 *(.preinit_array)
                0x00002880                __preinit_array_end = .
                0x00002880                . = ALIGN (0x4)
                0x00002880                __init_array_start = .
 *(SORT(.init_array.*))
 .init_array.00000
                0x00002880        0x4 c:/program files (x86)/atmel/studio/7.0/toolchain/arm/arm-gnu-toolchain/bin/../lib/gcc/arm-none-eabi/6.3.1/../../../../arm-none-eabi/lib/thumb/v6-m\libc.a(lib_a-__call_atexit.o)
 *(.init_array)
 .init_array    0x00002884        0x4 c:/program files (x86)/atmel/studio/7.0/toolchain/arm/arm-gnu-toolchain/bin/../lib/gcc/arm-none-eabi/6.3.1/thumb/v6-m/crtbegin.o
                0x00002888                __init_array_end = .
                0x00002888                . = ALIGN (0x4)
 *crtbegin.o(.ctors)
 *(EXCLUDE_FILE(*crtend.o) .ctors)
 *(SORT(.ctors.*))
 *crtend.o(.ctors)
                0x00002888                . = ALIGN (0x4)
 *(.fini)
 .fini          0x00002888        0x4 c:/program files (x86)/atmel/studio/7.0/toolchain/arm/arm-gnu-toolchain/bin/../lib/gcc/arm-none-eabi/6.3.1/thumb/v6-m/crti.o
                0x00002888                _fini
 .fini          0x0000288c        0x8 c:/program files (x86)/atmel/studio/7.0/toolchain/arm/arm-gnu-toolchain/bin/../lib/gcc/arm-none-eabi/6.3.1/thumb/v6-m/crtn.o
                0x00002894                . = ALIGN (0x4)
                0x00002894                __fini_array_start = .
 *(.fini_array)
 .fini_array    0x00002894        0x4 c:/program files (x86)/atmel/studio/7.0/toolchain/arm/arm-gnu-toolchain/bin/../lib/gcc/arm-none-eabi/6.3.1/thumb/v6-m/crtbegin.o
 *(SORT(.fini_array.*))
                0x00002898                __fini_array_end = .
 *crtbegin.o(.dtors)
 *(EXCLUDE_FILE(*crtend.o) .dtors)
 *(SORT(.dtors.*))
 *crtend.o(.dtors)
                0x00002898                . = ALIGN (0x4)
                0x00002898                _efixed = .
                [!provide]                PROVIDE (__exidx_start, .)

.vfp11_veneer   0x00002898        0x0
 .vfp11_veneer  0x00002898        0x0 linker stubs

.v4_bx          0x00002898        0x0
 .v4_bx         0x00002898        0x0 linker stubs

.iplt           0x00002898        0x0
 .iplt          0x00002898        0x0 c:/program files (x86)/atmel/studio/7.0/toolchain/arm/arm-gnu-toolchain/bin/../lib/gcc/arm-none-eabi/6.3.1/thumb/v6-m/crtbegin.o

.eh_frame       0x00002898        0x0
 .eh_frame      0x00002898        0x0 c:/program files (x86)/atmel/studio/7.0/toolchain/arm/arm-gnu-toolchain/bin/../lib/gcc/arm-none-eabi/6.3.1/thumb/v6-m/crtbegin.o

.rel.dyn        0x00002898        0x0
 .rel.iplt      0x00002898        0x0 c:/program files (x86)/atmel/studio/7.0/toolchain/arm/arm-gnu-toolchain/bin/../lib/gcc/arm-none-eabi/6.3.1/thumb/v6-m/crtbegin.o

.jcr            0x00002898        0x0
 .jcr           0x00002898        0x0 c:/program files (x86)/atmel/studio/7.0/toolchain/arm/arm-gnu-toolchain/bin/../lib/gcc/arm-none-eabi/6.3.1/thumb/v6-m/crtbegin.o

.igot.plt       0x00002898        0x0
 .igot.plt      0x00002898        0x0 c:/program files (x86)/atmel/studio/7.0/toolchain/arm/arm-gnu-toolchain/bin/../lib/gcc/arm-none-eabi/6.3.1/thumb/v6-m/crtbegin.o

.ARM.exidx
 *(.ARM.exidx* .gnu.linkonce.armexidx.*)
                [!provide]                PROVIDE (__exidx_end, .)
                0x00002898                . = ALIGN (0x4)
                0x00002898                _etext = .

.relocate       0x20000000      0x43c load address 0x00002898
                0x20000000                . = ALIGN (0x4)
                0x20000000                _srelocate = .
 *(.ramfunc .ramfunc.*)
 *(.data .data.*)
 .data.cycles_per_ms
                0x20000000        0x4 src/ASF/common2/services/delay/sam0/systick_counter.o
 .data.cycles_per_us
                0x20000004        0x4 src/ASF/common2/services/delay/sam0/systick_counter.o
 .data.g_interrupt_enabled
                0x20000008        0x1 src/ASF/common/utils/interrupt/interrupt_sam_nvic.o
                0x20000008                g_interrupt_enabled
 *fill*         0x20000009        0x7 
 .data.impure_data
                0x20000010      0x428 c:/program files (x86)/atmel/studio/7.0/toolchain/arm/arm-gnu-toolchain/bin/../lib/gcc/arm-none-eabi/6.3.1/../../../../arm-none-eabi/lib/thumb/v6-m\libc.a(lib_a-impure.o)
 .data.__atexit_recursive_mutex
                0x20000438        0x4 c:/program files (x86)/atmel/studio/7.0/toolchain/arm/arm-gnu-toolchain/bin/../lib/gcc/arm-none-eabi/6.3.1/../../../../arm-none-eabi/lib/thumb/v6-m\libc.a(lib_a-__call_atexit.o)
                0x20000438                __atexit_recursive_mutex
                0x2000043c                . = ALIGN (0x4)
                0x2000043c                _erelocate = .

.bss            0x2000043c       0x94 load address 0x00002cd4
                0x2000043c                . = ALIGN (0x4)
                0x2000043c                _sbss = .
                0x2000043c                _szero = .
 *(.bss .bss.*)
 .bss           0x2000043c       0x1c c:/program files (x86)/atmel/studio/7.0/toolchain/arm/arm-gnu-toolchain/bin/../lib/gcc/arm-none-eabi/6.3.1/thumb/v6-m/crtbegin.o
 .bss._sercom_config
                0x20000458        0x2 src/ASF/sam0/drivers/sercom/sercom.o
 .bss._handler_table_initialized
                0x2000045a        0x1 src/ASF/sam0/drivers/sercom/sercom_interrupt.o
 *fill*         0x2000045b        0x1 
 .bss._sercom_interrupt_handlers
                0x2000045c       0x18 src/ASF/sam0/drivers/sercom/sercom_interrupt.o
 .bss.cpu_irq_critical_section_counter
                0x20000474        0x4 src/ASF/common/utils/interrupt/interrupt_sam_nvic.o
 .bss.cpu_irq_prev_interrupt_state
                0x20000478        0x1 src/ASF/common/utils/interrupt/interrupt_sam_nvic.o
 *fill*         0x20000479        0x3 
 .bss._system_clock_inst
                0x2000047c       0x18 src/ASF/sam0/drivers/system/clock/clock_samd21_r21_da_ha1/clock.o
 *(COMMON)
 COMMON         0x20000494       0x18 src/ASF/sam0/drivers/sercom/sercom_interrupt.o
                0x20000494                _sercom_instances
 COMMON         0x200004ac       0x21 c:/program files (x86)/atmel/studio/7.0/toolchain/arm/arm-gnu-toolchain/bin/../lib/gcc/arm-none-eabi/6.3.1/../../../../arm-none-eabi/lib/thumb/v6-m\libc.a(lib_a-lock.o)
                0x200004ac                __lock___atexit_recursive_mutex
                0x200004b0                __lock___arc4random_mutex
                0x200004b4                __lock___env_recursive_mutex
                0x200004b8                __lock___sinit_recursive_mutex
                0x200004bc                __lock___malloc_recursive_mutex
                0x200004c0                __lock___at_quick_exit_mutex
                0x200004c4                __lock___dd_hash_mutex
                0x200004c8                __lock___tz_mutex
                0x200004cc                __lock___sfp_recursive_mutex
                0x200004d0                . = ALIGN (0x4)
 *fill*         0x200004cd        0x3 
                0x200004d0                _ebss = .
                0x200004d0                _ezero = .

.stack          0x200004d0     0x2000 load address 0x00002d68
                0x200004d0                . = ALIGN (0x8)
                0x200004d0                _sstack = .
                0x200024d0                . = (. + STACK_SIZE)
 *fill*         0x200004d0     0x2000 
                0x200024d0                . = ALIGN (0x8)
                0x200024d0                _estack = .
                0x200024d0                . = ALIGN (0x4)
                0x200024d0                _end = .
OUTPUT(Serial.elf elf32-littlearm)

.ARM.attributes
                0x00000000       0x28
 .ARM.attributes
                0x00000000       0x1e c:/program files (x86)/atmel/studio/7.0/toolchain/arm/arm-gnu-toolchain/bin/../lib/gcc/arm-none-eabi/6.3.1/thumb/v6-m/crti.o
 .ARM.attributes
                0x0000001e       0x2c c:/program files (x86)/atmel/studio/7.0/toolchain/arm/arm-gnu-toolchain/bin/../lib/gcc/arm-none-eabi/6.3.1/thumb/v6-m/crtbegin.o
 .ARM.attributes
                0x0000004a       0x32 lib/Serial.o
 .ARM.attributes
                0x0000007c       0x32 main.o
 .ARM.attributes
                0x000000ae       0x32 src/ASF/sam0/drivers/sercom/sercom.o
 .ARM.attributes
                0x000000e0       0x32 src/ASF/sam0/drivers/sercom/usart/usart.o
 .ARM.attributes
                0x00000112       0x32 src/ASF/sam0/drivers/sercom/usart/usart_interrupt.o
 .ARM.attributes
                0x00000144       0x32 src/ASF/sam0/drivers/sercom/sercom_interrupt.o
 .ARM.attributes
                0x00000176       0x32 src/ASF/common2/services/delay/sam0/systick_counter.o
 .ARM.attributes
                0x000001a8       0x32 src/ASF/common2/boards/user_board/init.o
 .ARM.attributes
                0x000001da       0x32 src/ASF/common/utils/interrupt/interrupt_sam_nvic.o
 .ARM.attributes
                0x0000020c       0x32 src/ASF/sam0/drivers/system/clock/clock_samd21_r21_da_ha1/clock.o
 .ARM.attributes
                0x0000023e       0x32 src/ASF/sam0/drivers/system/clock/clock_samd21_r21_da_ha1/gclk.o
 .ARM.attributes
                0x00000270       0x32 src/ASF/sam0/drivers/system/pinmux/pinmux.o
 .ARM.attributes
                0x000002a2       0x32 src/ASF/sam0/drivers/system/system.o
 .ARM.attributes
                0x000002d4       0x32 src/ASF/sam0/utils/cmsis/samd21/source/gcc/startup_samd21.o
 .ARM.attributes
                0x00000306       0x1e c:/program files (x86)/atmel/studio/7.0/toolchain/arm/arm-gnu-toolchain/bin/../lib/gcc/arm-none-eabi/6.3.1/thumb/v6-m\libgcc.a(_udivsi3.o)
 .ARM.attributes
                0x00000324       0x1e c:/program files (x86)/atmel/studio/7.0/toolchain/arm/arm-gnu-toolchain/bin/../lib/gcc/arm-none-eabi/6.3.1/thumb/v6-m\libgcc.a(_dvmd_tls.o)
 .ARM.attributes
                0x00000342       0x2c c:/program files (x86)/atmel/studio/7.0/toolchain/arm/arm-gnu-toolchain/bin/../lib/gcc/arm-none-eabi/6.3.1/thumb/v6-m\libgcc.a(_muldi3.o)
 .ARM.attributes
                0x0000036e       0x2c c:/program files (x86)/atmel/studio/7.0/toolchain/arm/arm-gnu-toolchain/bin/../lib/gcc/arm-none-eabi/6.3.1/../../../../arm-none-eabi/lib/thumb/v6-m\libc.a(lib_a-impure.o)
 .ARM.attributes
                0x0000039a       0x2c c:/program files (x86)/atmel/studio/7.0/toolchain/arm/arm-gnu-toolchain/bin/../lib/gcc/arm-none-eabi/6.3.1/../../../../arm-none-eabi/lib/thumb/v6-m\libc.a(lib_a-init.o)
 .ARM.attributes
                0x000003c6       0x2c c:/program files (x86)/atmel/studio/7.0/toolchain/arm/arm-gnu-toolchain/bin/../lib/gcc/arm-none-eabi/6.3.1/../../../../arm-none-eabi/lib/thumb/v6-m\libc.a(lib_a-__call_atexit.o)
 .ARM.attributes
                0x000003f2       0x2c c:/program files (x86)/atmel/studio/7.0/toolchain/arm/arm-gnu-toolchain/bin/../lib/gcc/arm-none-eabi/6.3.1/../../../../arm-none-eabi/lib/thumb/v6-m\libc.a(lib_a-atexit.o)
 .ARM.attributes
                0x0000041e       0x2c c:/program files (x86)/atmel/studio/7.0/toolchain/arm/arm-gnu-toolchain/bin/../lib/gcc/arm-none-eabi/6.3.1/../../../../arm-none-eabi/lib/thumb/v6-m\libc.a(lib_a-fini.o)
 .ARM.attributes
                0x0000044a       0x2c c:/program files (x86)/atmel/studio/7.0/toolchain/arm/arm-gnu-toolchain/bin/../lib/gcc/arm-none-eabi/6.3.1/../../../../arm-none-eabi/lib/thumb/v6-m\libc.a(lib_a-lock.o)
 .ARM.attributes
                0x00000476       0x2c c:/program files (x86)/atmel/studio/7.0/toolchain/arm/arm-gnu-toolchain/bin/../lib/gcc/arm-none-eabi/6.3.1/../../../../arm-none-eabi/lib/thumb/v6-m\libc.a(lib_a-__atexit.o)
 .ARM.attributes
                0x000004a2       0x1e c:/program files (x86)/atmel/studio/7.0/toolchain/arm/arm-gnu-toolchain/bin/../lib/gcc/arm-none-eabi/6.3.1/thumb/v6-m/crtn.o

.comment        0x00000000       0x59
 .comment       0x00000000       0x59 lib/Serial.o
                                 0x5a (size before relaxing)
 .comment       0x00000059       0x5a main.o
 .comment       0x00000059       0x5a src/ASF/sam0/drivers/sercom/sercom.o
 .comment       0x00000059       0x5a src/ASF/sam0/drivers/sercom/usart/usart.o
 .comment       0x00000059       0x5a src/ASF/sam0/drivers/sercom/usart/usart_interrupt.o
 .comment       0x00000059       0x5a src/ASF/sam0/drivers/sercom/sercom_interrupt.o
 .comment       0x00000059       0x5a src/ASF/common2/services/delay/sam0/systick_counter.o
 .comment       0x00000059       0x5a src/ASF/common2/boards/user_board/init.o
 .comment       0x00000059       0x5a src/ASF/common/utils/interrupt/interrupt_sam_nvic.o
 .comment       0x00000059       0x5a src/ASF/sam0/drivers/system/clock/clock_samd21_r21_da_ha1/clock.o
 .comment       0x00000059       0x5a src/ASF/sam0/drivers/system/clock/clock_samd21_r21_da_ha1/gclk.o
 .comment       0x00000059       0x5a src/ASF/sam0/drivers/system/pinmux/pinmux.o
 .comment       0x00000059       0x5a src/ASF/sam0/drivers/system/system.o
 .comment       0x00000059       0x5a src/ASF/sam0/utils/cmsis/samd21/source/gcc/startup_samd21.o

.debug_info     0x00000000    0x20c4b
 .debug_info    0x00000000     0x3940 lib/Serial.o
 .debug_info    0x00003940     0x34d0 main.o
 .debug_info    0x00006e10     0x2d96 src/ASF/sam0/drivers/sercom/sercom.o
 .debug_info    0x00009ba6     0x4883 src/ASF/sam0/drivers/sercom/usart/usart.o
 .debug_info    0x0000e429     0x2f5e src/ASF/sam0/drivers/sercom/usart/usart_interrupt.o
 .debug_info    0x00011387     0x2b6d src/ASF/sam0/drivers/sercom/sercom_interrupt.o
 .debug_info    0x00013ef4      0xb60 src/ASF/common2/services/delay/sam0/systick_counter.o
 .debug_info    0x00014a54      0xa5d src/ASF/common2/boards/user_board/init.o
 .debug_info    0x000154b1      0xb0c src/ASF/common/utils/interrupt/interrupt_sam_nvic.o
 .debug_info    0x00015fbd     0x36f9 src/ASF/sam0/drivers/system/clock/clock_samd21_r21_da_ha1/clock.o
 .debug_info    0x000196b6     0x1d15 src/ASF/sam0/drivers/system/clock/clock_samd21_r21_da_ha1/gclk.o
 .debug_info    0x0001b3cb     0x13c0 src/ASF/sam0/drivers/system/pinmux/pinmux.o
 .debug_info    0x0001c78b      0xa74 src/ASF/sam0/drivers/system/system.o
 .debug_info    0x0001d1ff     0x3a4c src/ASF/sam0/utils/cmsis/samd21/source/gcc/startup_samd21.o

.debug_abbrev   0x00000000     0x28fe
 .debug_abbrev  0x00000000      0x47b lib/Serial.o
 .debug_abbrev  0x0000047b      0x3e0 main.o
 .debug_abbrev  0x0000085b      0x30e src/ASF/sam0/drivers/sercom/sercom.o
 .debug_abbrev  0x00000b69      0x377 src/ASF/sam0/drivers/sercom/usart/usart.o
 .debug_abbrev  0x00000ee0      0x344 src/ASF/sam0/drivers/sercom/usart/usart_interrupt.o
 .debug_abbrev  0x00001224      0x2bf src/ASF/sam0/drivers/sercom/sercom_interrupt.o
 .debug_abbrev  0x000014e3      0x22d src/ASF/common2/services/delay/sam0/systick_counter.o
 .debug_abbrev  0x00001710      0x1be src/ASF/common2/boards/user_board/init.o
 .debug_abbrev  0x000018ce      0x22e src/ASF/common/utils/interrupt/interrupt_sam_nvic.o
 .debug_abbrev  0x00001afc      0x3ab src/ASF/sam0/drivers/system/clock/clock_samd21_r21_da_ha1/clock.o
 .debug_abbrev  0x00001ea7      0x35e src/ASF/sam0/drivers/system/clock/clock_samd21_r21_da_ha1/gclk.o
 .debug_abbrev  0x00002205      0x2f1 src/ASF/sam0/drivers/system/pinmux/pinmux.o
 .debug_abbrev  0x000024f6      0x1e1 src/ASF/sam0/drivers/system/system.o
 .debug_abbrev  0x000026d7      0x227 src/ASF/sam0/utils/cmsis/samd21/source/gcc/startup_samd21.o

.debug_loc      0x00000000     0x16db
 .debug_loc     0x00000000      0x230 lib/Serial.o
 .debug_loc     0x00000230       0x3a main.o
 .debug_loc     0x0000026a      0x18c src/ASF/sam0/drivers/sercom/sercom.o
 .debug_loc     0x000003f6      0x297 src/ASF/sam0/drivers/sercom/usart/usart.o
 .debug_loc     0x0000068d      0x330 src/ASF/sam0/drivers/sercom/usart/usart_interrupt.o
 .debug_loc     0x000009bd      0x1b0 src/ASF/sam0/drivers/sercom/sercom_interrupt.o
 .debug_loc     0x00000b6d       0xd4 src/ASF/common2/services/delay/sam0/systick_counter.o
 .debug_loc     0x00000c41       0x2c src/ASF/common2/boards/user_board/init.o
 .debug_loc     0x00000c6d       0x64 src/ASF/common/utils/interrupt/interrupt_sam_nvic.o
 .debug_loc     0x00000cd1      0x476 src/ASF/sam0/drivers/system/clock/clock_samd21_r21_da_ha1/clock.o
 .debug_loc     0x00001147      0x388 src/ASF/sam0/drivers/system/clock/clock_samd21_r21_da_ha1/gclk.o
 .debug_loc     0x000014cf      0x150 src/ASF/sam0/drivers/system/pinmux/pinmux.o
 .debug_loc     0x0000161f       0x58 src/ASF/sam0/drivers/system/system.o
 .debug_loc     0x00001677       0x64 src/ASF/sam0/utils/cmsis/samd21/source/gcc/startup_samd21.o

.debug_aranges  0x00000000      0x4b8
 .debug_aranges
                0x00000000       0x68 lib/Serial.o
 .debug_aranges
                0x00000068       0x20 main.o
 .debug_aranges
                0x00000088       0x50 src/ASF/sam0/drivers/sercom/sercom.o
 .debug_aranges
                0x000000d8       0x78 src/ASF/sam0/drivers/sercom/usart/usart.o
 .debug_aranges
                0x00000150       0x90 src/ASF/sam0/drivers/sercom/usart/usart_interrupt.o
 .debug_aranges
                0x000001e0       0x60 src/ASF/sam0/drivers/sercom/sercom_interrupt.o
 .debug_aranges
                0x00000240       0x38 src/ASF/common2/services/delay/sam0/systick_counter.o
 .debug_aranges
                0x00000278       0x20 src/ASF/common2/boards/user_board/init.o
 .debug_aranges
                0x00000298       0x28 src/ASF/common/utils/interrupt/interrupt_sam_nvic.o
 .debug_aranges
                0x000002c0       0xc0 src/ASF/sam0/drivers/system/clock/clock_samd21_r21_da_ha1/clock.o
 .debug_aranges
                0x00000380       0xa0 src/ASF/sam0/drivers/system/clock/clock_samd21_r21_da_ha1/gclk.o
 .debug_aranges
                0x00000420       0x48 src/ASF/sam0/drivers/system/pinmux/pinmux.o
 .debug_aranges
                0x00000468       0x28 src/ASF/sam0/drivers/system/system.o
 .debug_aranges
                0x00000490       0x28 src/ASF/sam0/utils/cmsis/samd21/source/gcc/startup_samd21.o

.debug_ranges   0x00000000      0x3d8
 .debug_ranges  0x00000000       0x58 lib/Serial.o
 .debug_ranges  0x00000058       0x10 main.o
 .debug_ranges  0x00000068       0x40 src/ASF/sam0/drivers/sercom/sercom.o
 .debug_ranges  0x000000a8       0x68 src/ASF/sam0/drivers/sercom/usart/usart.o
 .debug_ranges  0x00000110       0x80 src/ASF/sam0/drivers/sercom/usart/usart_interrupt.o
 .debug_ranges  0x00000190       0x50 src/ASF/sam0/drivers/sercom/sercom_interrupt.o
 .debug_ranges  0x000001e0       0x28 src/ASF/common2/services/delay/sam0/systick_counter.o
 .debug_ranges  0x00000208       0x10 src/ASF/common2/boards/user_board/init.o
 .debug_ranges  0x00000218       0x18 src/ASF/common/utils/interrupt/interrupt_sam_nvic.o
 .debug_ranges  0x00000230       0xb0 src/ASF/sam0/drivers/system/clock/clock_samd21_r21_da_ha1/clock.o
 .debug_ranges  0x000002e0       0x90 src/ASF/sam0/drivers/system/clock/clock_samd21_r21_da_ha1/gclk.o
 .debug_ranges  0x00000370       0x38 src/ASF/sam0/drivers/system/pinmux/pinmux.o
 .debug_ranges  0x000003a8       0x18 src/ASF/sam0/drivers/system/system.o
 .debug_ranges  0x000003c0       0x18 src/ASF/sam0/utils/cmsis/samd21/source/gcc/startup_samd21.o

.debug_macro    0x00000000    0x1a52a
 .debug_macro   0x00000000      0x5fb lib/Serial.o
 .debug_macro   0x000005fb      0x98e lib/Serial.o
 .debug_macro   0x00000f89      0x17b lib/Serial.o
 .debug_macro   0x00001104      0x64b lib/Serial.o
 .debug_macro   0x0000174f       0x1c lib/Serial.o
 .debug_macro   0x0000176b       0x22 lib/Serial.o
 .debug_macro   0x0000178d       0x4f lib/Serial.o
 .debug_macro   0x000017dc       0x51 lib/Serial.o
 .debug_macro   0x0000182d       0xef lib/Serial.o
 .debug_macro   0x0000191c       0x6a lib/Serial.o
 .debug_macro   0x00001986      0x1df lib/Serial.o
 .debug_macro   0x00001b65       0x10 lib/Serial.o
 .debug_macro   0x00001b75       0x76 lib/Serial.o
 .debug_macro   0x00001beb       0x16 lib/Serial.o
 .debug_macro   0x00001c01      0x6e5 lib/Serial.o
 .debug_macro   0x000022e6      0xde2 lib/Serial.o
 .debug_macro   0x000030c8       0x16 lib/Serial.o
 .debug_macro   0x000030de       0x40 lib/Serial.o
 .debug_macro   0x0000311e       0x3a lib/Serial.o
 .debug_macro   0x00003158       0x1f lib/Serial.o
 .debug_macro   0x00003177      0x250 lib/Serial.o
 .debug_macro   0x000033c7      0x682 lib/Serial.o
 .debug_macro   0x00003a49      0x8bf lib/Serial.o
 .debug_macro   0x00004308      0x235 lib/Serial.o
 .debug_macro   0x0000453d      0xd6a lib/Serial.o
 .debug_macro   0x000052a7      0x4ce lib/Serial.o
 .debug_macro   0x00005775      0x9f8 lib/Serial.o
 .debug_macro   0x0000616d      0x82b lib/Serial.o
 .debug_macro   0x00006998      0x45f lib/Serial.o
 .debug_macro   0x00006df7       0x5e lib/Serial.o
 .debug_macro   0x00006e55      0x906 lib/Serial.o
 .debug_macro   0x0000775b      0x225 lib/Serial.o
 .debug_macro   0x00007980      0x963 lib/Serial.o
 .debug_macro   0x000082e3       0x5e lib/Serial.o
 .debug_macro   0x00008341      0x671 lib/Serial.o
 .debug_macro   0x000089b2      0x3af lib/Serial.o
 .debug_macro   0x00008d61      0xc7f lib/Serial.o
 .debug_macro   0x000099e0     0x1092 lib/Serial.o
 .debug_macro   0x0000aa72      0xc4a lib/Serial.o
 .debug_macro   0x0000b6bc      0x6bf lib/Serial.o
 .debug_macro   0x0000bd7b     0x1bc9 lib/Serial.o
 .debug_macro   0x0000d944     0x144a lib/Serial.o
 .debug_macro   0x0000ed8e      0x34e lib/Serial.o
 .debug_macro   0x0000f0dc       0x7c lib/Serial.o
 .debug_macro   0x0000f158       0xa0 lib/Serial.o
 .debug_macro   0x0000f1f8       0x4c lib/Serial.o
 .debug_macro   0x0000f244       0xca lib/Serial.o
 .debug_macro   0x0000f30e       0x94 lib/Serial.o
 .debug_macro   0x0000f3a2       0x58 lib/Serial.o
 .debug_macro   0x0000f3fa      0x387 lib/Serial.o
 .debug_macro   0x0000f781       0x82 lib/Serial.o
 .debug_macro   0x0000f803      0x197 lib/Serial.o
 .debug_macro   0x0000f99a       0xb8 lib/Serial.o
 .debug_macro   0x0000fa52       0xa0 lib/Serial.o
 .debug_macro   0x0000faf2       0xb8 lib/Serial.o
 .debug_macro   0x0000fbaa       0x1c lib/Serial.o
 .debug_macro   0x0000fbc6       0x1c lib/Serial.o
 .debug_macro   0x0000fbe2       0x1c lib/Serial.o
 .debug_macro   0x0000fbfe       0x82 lib/Serial.o
 .debug_macro   0x0000fc80      0x161 lib/Serial.o
 .debug_macro   0x0000fde1       0xdc lib/Serial.o
 .debug_macro   0x0000febd      0x12f lib/Serial.o
 .debug_macro   0x0000ffec      0x12f lib/Serial.o
 .debug_macro   0x0001011b      0x12f lib/Serial.o
 .debug_macro   0x0001024a      0x12f lib/Serial.o
 .debug_macro   0x00010379      0x12f lib/Serial.o
 .debug_macro   0x000104a8      0x12f lib/Serial.o
 .debug_macro   0x000105d7      0x124 lib/Serial.o
 .debug_macro   0x000106fb       0xe2 lib/Serial.o
 .debug_macro   0x000107dd       0xe2 lib/Serial.o
 .debug_macro   0x000108bf       0xe2 lib/Serial.o
 .debug_macro   0x000109a1      0x133 lib/Serial.o
 .debug_macro   0x00010ad4      0x106 lib/Serial.o
 .debug_macro   0x00010bda       0xfa lib/Serial.o
 .debug_macro   0x00010cd4      0x40f lib/Serial.o
 .debug_macro   0x000110e3       0x40 lib/Serial.o
 .debug_macro   0x00011123      0x361 lib/Serial.o
 .debug_macro   0x00011484     0x16ed lib/Serial.o
 .debug_macro   0x00012b71       0x6d lib/Serial.o
 .debug_macro   0x00012bde       0x58 lib/Serial.o
 .debug_macro   0x00012c36       0x35 lib/Serial.o
 .debug_macro   0x00012c6b       0x9c lib/Serial.o
 .debug_macro   0x00012d07       0x16 lib/Serial.o
 .debug_macro   0x00012d1d       0x35 lib/Serial.o
 .debug_macro   0x00012d52      0x353 lib/Serial.o
 .debug_macro   0x000130a5       0x10 lib/Serial.o
 .debug_macro   0x000130b5       0x58 lib/Serial.o
 .debug_macro   0x0001310d       0x1f lib/Serial.o
 .debug_macro   0x0001312c       0x43 lib/Serial.o
 .debug_macro   0x0001316f       0x20 lib/Serial.o
 .debug_macro   0x0001318f      0x187 lib/Serial.o
 .debug_macro   0x00013316       0x10 lib/Serial.o
 .debug_macro   0x00013326       0xb6 lib/Serial.o
 .debug_macro   0x000133dc       0x16 lib/Serial.o
 .debug_macro   0x000133f2      0x145 lib/Serial.o
 .debug_macro   0x00013537      0x143 lib/Serial.o
 .debug_macro   0x0001367a       0x10 lib/Serial.o
 .debug_macro   0x0001368a      0x3c3 lib/Serial.o
 .debug_macro   0x00013a4d       0x10 lib/Serial.o
 .debug_macro   0x00013a5d       0x16 lib/Serial.o
 .debug_macro   0x00013a73       0x22 lib/Serial.o
 .debug_macro   0x00013a95       0xea lib/Serial.o
 .debug_macro   0x00013b7f       0x51 lib/Serial.o
 .debug_macro   0x00013bd0       0x3f lib/Serial.o
 .debug_macro   0x00013c0f      0x3c3 lib/Serial.o
 .debug_macro   0x00013fd2       0x11 lib/Serial.o
 .debug_macro   0x00013fe3       0x16 lib/Serial.o
 .debug_macro   0x00013ff9       0x16 lib/Serial.o
 .debug_macro   0x0001400f      0x2c6 lib/Serial.o
 .debug_macro   0x000142d5       0x18 lib/Serial.o
 .debug_macro   0x000142ed       0x12 lib/Serial.o
 .debug_macro   0x000142ff       0x16 lib/Serial.o
 .debug_macro   0x00014315       0x2e lib/Serial.o
 .debug_macro   0x00014343       0xb2 lib/Serial.o
 .debug_macro   0x000143f5       0x10 lib/Serial.o
 .debug_macro   0x00014405       0x57 lib/Serial.o
 .debug_macro   0x0001445c       0x34 lib/Serial.o
 .debug_macro   0x00014490      0x5fb main.o
 .debug_macro   0x00014a8b      0x58b src/ASF/sam0/drivers/sercom/sercom.o
 .debug_macro   0x00015016      0x8b6 src/ASF/sam0/drivers/sercom/sercom.o
 .debug_macro   0x000158cc      0x16d src/ASF/sam0/drivers/sercom/sercom.o
 .debug_macro   0x00015a39       0x87 src/ASF/sam0/drivers/sercom/sercom.o
 .debug_macro   0x00015ac0       0x22 src/ASF/sam0/drivers/sercom/sercom.o
 .debug_macro   0x00015ae2      0x250 src/ASF/sam0/drivers/sercom/sercom.o
 .debug_macro   0x00015d32       0x9c src/ASF/sam0/drivers/sercom/sercom.o
 .debug_macro   0x00015dce       0x35 src/ASF/sam0/drivers/sercom/sercom.o
 .debug_macro   0x00015e03      0x353 src/ASF/sam0/drivers/sercom/sercom.o
 .debug_macro   0x00016156       0x43 src/ASF/sam0/drivers/sercom/sercom.o
 .debug_macro   0x00016199       0x1c src/ASF/sam0/drivers/sercom/sercom.o
 .debug_macro   0x000161b5       0x52 src/ASF/sam0/drivers/sercom/sercom.o
 .debug_macro   0x00016207       0x40 src/ASF/sam0/drivers/sercom/sercom.o
 .debug_macro   0x00016247       0x10 src/ASF/sam0/drivers/sercom/sercom.o
 .debug_macro   0x00016257       0x40 src/ASF/sam0/drivers/sercom/sercom.o
 .debug_macro   0x00016297       0xd7 src/ASF/sam0/drivers/sercom/sercom.o
 .debug_macro   0x0001636e      0x18b src/ASF/sam0/drivers/sercom/sercom.o
 .debug_macro   0x000164f9       0x16 src/ASF/sam0/drivers/sercom/sercom.o
 .debug_macro   0x0001650f       0x29 src/ASF/sam0/drivers/sercom/sercom.o
 .debug_macro   0x00016538      0x3df src/ASF/sam0/drivers/sercom/sercom.o
 .debug_macro   0x00016917      0x59c src/ASF/sam0/drivers/sercom/usart/usart.o
 .debug_macro   0x00016eb3       0x51 src/ASF/sam0/drivers/sercom/usart/usart.o
 .debug_macro   0x00016f04      0x59c src/ASF/sam0/drivers/sercom/usart/usart_interrupt.o
 .debug_macro   0x000174a0      0x588 src/ASF/sam0/drivers/sercom/sercom_interrupt.o
 .debug_macro   0x00017a28      0x539 src/ASF/common2/services/delay/sam0/systick_counter.o
 .debug_macro   0x00017f61      0x60b src/ASF/common2/boards/user_board/init.o
 .debug_macro   0x0001856c      0x4fe src/ASF/common/utils/interrupt/interrupt_sam_nvic.o
 .debug_macro   0x00018a6a      0x56f src/ASF/sam0/drivers/system/clock/clock_samd21_r21_da_ha1/clock.o
 .debug_macro   0x00018fd9      0x29d src/ASF/sam0/drivers/system/clock/clock_samd21_r21_da_ha1/clock.o
 .debug_macro   0x00019276      0x534 src/ASF/sam0/drivers/system/clock/clock_samd21_r21_da_ha1/gclk.o
 .debug_macro   0x000197aa      0x50e src/ASF/sam0/drivers/system/pinmux/pinmux.o
 .debug_macro   0x00019cb8       0x12 src/ASF/sam0/drivers/system/pinmux/pinmux.o
 .debug_macro   0x00019cca      0x541 src/ASF/sam0/drivers/system/system.o
 .debug_macro   0x0001a20b      0x2e5 src/ASF/sam0/utils/cmsis/samd21/source/gcc/startup_samd21.o
 .debug_macro   0x0001a4f0       0x3a src/ASF/sam0/utils/cmsis/samd21/source/gcc/startup_samd21.o

.debug_line     0x00000000     0x9ee7
 .debug_line    0x00000000      0xe9a lib/Serial.o
 .debug_line    0x00000e9a      0xdbb main.o
 .debug_line    0x00001c55      0xc13 src/ASF/sam0/drivers/sercom/sercom.o
 .debug_line    0x00002868      0xd53 src/ASF/sam0/drivers/sercom/usart/usart.o
 .debug_line    0x000035bb      0xcbd src/ASF/sam0/drivers/sercom/usart/usart_interrupt.o
 .debug_line    0x00004278      0xb75 src/ASF/sam0/drivers/sercom/sercom_interrupt.o
 .debug_line    0x00004ded      0x9b6 src/ASF/common2/services/delay/sam0/systick_counter.o
 .debug_line    0x000057a3      0xc8d src/ASF/common2/boards/user_board/init.o
 .debug_line    0x00006430      0x8c7 src/ASF/common/utils/interrupt/interrupt_sam_nvic.o
 .debug_line    0x00006cf7      0xcad src/ASF/sam0/drivers/system/clock/clock_samd21_r21_da_ha1/clock.o
 .debug_line    0x000079a4      0xb9e src/ASF/sam0/drivers/system/clock/clock_samd21_r21_da_ha1/gclk.o
 .debug_line    0x00008542      0x96b src/ASF/sam0/drivers/system/pinmux/pinmux.o
 .debug_line    0x00008ead      0x9ea src/ASF/sam0/drivers/system/system.o
 .debug_line    0x00009897      0x650 src/ASF/sam0/utils/cmsis/samd21/source/gcc/startup_samd21.o

.debug_str      0x00000000    0x8828e
 .debug_str     0x00000000    0x8242d lib/Serial.o
                              0x832bf (size before relaxing)
 .debug_str     0x0008242d       0x3c main.o
                              0x82def (size before relaxing)
 .debug_str     0x00082469     0x14af src/ASF/sam0/drivers/sercom/sercom.o
                              0x80aea (size before relaxing)
 .debug_str     0x00083918      0x89f src/ASF/sam0/drivers/sercom/usart/usart.o
                              0x818b5 (size before relaxing)
 .debug_str     0x000841b7      0x216 src/ASF/sam0/drivers/sercom/usart/usart_interrupt.o
                              0x80afb (size before relaxing)
 .debug_str     0x000843cd      0x158 src/ASF/sam0/drivers/sercom/sercom_interrupt.o
                              0x8094d (size before relaxing)
 .debug_str     0x00084525       0xb1 src/ASF/common2/services/delay/sam0/systick_counter.o
                              0x7f619 (size before relaxing)
 .debug_str     0x000845d6       0x3e src/ASF/common2/boards/user_board/init.o
                              0x80748 (size before relaxing)
 .debug_str     0x00084614       0x66 src/ASF/common/utils/interrupt/interrupt_sam_nvic.o
                              0x7f409 (size before relaxing)
 .debug_str     0x0008467a     0x2793 src/ASF/sam0/drivers/system/clock/clock_samd21_r21_da_ha1/clock.o
                              0x825a2 (size before relaxing)
 .debug_str     0x00086e0d      0x1e3 src/ASF/sam0/drivers/system/clock/clock_samd21_r21_da_ha1/gclk.o
                              0x800cc (size before relaxing)
 .debug_str     0x00086ff0      0x340 src/ASF/sam0/drivers/system/pinmux/pinmux.o
                              0x7f8ab (size before relaxing)
 .debug_str     0x00087330       0x3b src/ASF/sam0/drivers/system/system.o
                              0x7f4e6 (size before relaxing)
 .debug_str     0x0008736b      0xf23 src/ASF/sam0/utils/cmsis/samd21/source/gcc/startup_samd21.o
                              0x6b2c6 (size before relaxing)

.debug_frame    0x00000000     0x1048
 .debug_frame   0x00000000      0x150 lib/Serial.o
 .debug_frame   0x00000150       0x30 main.o
 .debug_frame   0x00000180       0xf8 src/ASF/sam0/drivers/sercom/sercom.o
 .debug_frame   0x00000278      0x190 src/ASF/sam0/drivers/sercom/usart/usart.o
 .debug_frame   0x00000408      0x1e8 src/ASF/sam0/drivers/sercom/usart/usart_interrupt.o
 .debug_frame   0x000005f0      0x118 src/ASF/sam0/drivers/sercom/sercom_interrupt.o
 .debug_frame   0x00000708       0x8c src/ASF/common2/services/delay/sam0/systick_counter.o
 .debug_frame   0x00000794       0x2c src/ASF/common2/boards/user_board/init.o
 .debug_frame   0x000007c0       0x4c src/ASF/common/utils/interrupt/interrupt_sam_nvic.o
 .debug_frame   0x0000080c      0x2a4 src/ASF/sam0/drivers/system/clock/clock_samd21_r21_da_ha1/clock.o
 .debug_frame   0x00000ab0      0x220 src/ASF/sam0/drivers/system/clock/clock_samd21_r21_da_ha1/gclk.o
 .debug_frame   0x00000cd0       0xd0 src/ASF/sam0/drivers/system/pinmux/pinmux.o
 .debug_frame   0x00000da0       0x48 src/ASF/sam0/drivers/system/system.o
 .debug_frame   0x00000de8       0x4c src/ASF/sam0/utils/cmsis/samd21/source/gcc/startup_samd21.o
 .debug_frame   0x00000e34       0x20 c:/program files (x86)/atmel/studio/7.0/toolchain/arm/arm-gnu-toolchain/bin/../lib/gcc/arm-none-eabi/6.3.1/thumb/v6-m\libgcc.a(_udivsi3.o)
 .debug_frame   0x00000e54       0x34 c:/program files (x86)/atmel/studio/7.0/toolchain/arm/arm-gnu-toolchain/bin/../lib/gcc/arm-none-eabi/6.3.1/thumb/v6-m\libgcc.a(_muldi3.o)
 .debug_frame   0x00000e88       0x2c c:/program files (x86)/atmel/studio/7.0/toolchain/arm/arm-gnu-toolchain/bin/../lib/gcc/arm-none-eabi/6.3.1/../../../../arm-none-eabi/lib/thumb/v6-m\libc.a(lib_a-init.o)
 .debug_frame   0x00000eb4       0x54 c:/program files (x86)/atmel/studio/7.0/toolchain/arm/arm-gnu-toolchain/bin/../lib/gcc/arm-none-eabi/6.3.1/../../../../arm-none-eabi/lib/thumb/v6-m\libc.a(lib_a-__call_atexit.o)
 .debug_frame   0x00000f08       0x28 c:/program files (x86)/atmel/studio/7.0/toolchain/arm/arm-gnu-toolchain/bin/../lib/gcc/arm-none-eabi/6.3.1/../../../../arm-none-eabi/lib/thumb/v6-m\libc.a(lib_a-atexit.o)
 .debug_frame   0x00000f30       0x2c c:/program files (x86)/atmel/studio/7.0/toolchain/arm/arm-gnu-toolchain/bin/../lib/gcc/arm-none-eabi/6.3.1/../../../../arm-none-eabi/lib/thumb/v6-m\libc.a(lib_a-fini.o)
 .debug_frame   0x00000f5c       0xb0 c:/program files (x86)/atmel/studio/7.0/toolchain/arm/arm-gnu-toolchain/bin/../lib/gcc/arm-none-eabi/6.3.1/../../../../arm-none-eabi/lib/thumb/v6-m\libc.a(lib_a-lock.o)
 .debug_frame   0x0000100c       0x3c c:/program files (x86)/atmel/studio/7.0/toolchain/arm/arm-gnu-toolchain/bin/../lib/gcc/arm-none-eabi/6.3.1/../../../../arm-none-eabi/lib/thumb/v6-m\libc.a(lib_a-__atexit.o)
