Archive member included to satisfy reference by file (symbol)

c:/program files (x86)/atmel/studio/7.0/toolchain/arm/arm-gnu-toolchain/bin/../lib/gcc/arm-none-eabi/6.3.1/thumb/v6-m\libgcc.a(_udivsi3.o)
                              src/ASF/common2/services/delay/sam0/systick_counter.o (__aeabi_uidiv)
c:/program files (x86)/atmel/studio/7.0/toolchain/arm/arm-gnu-toolchain/bin/../lib/gcc/arm-none-eabi/6.3.1/thumb/v6-m\libgcc.a(_dvmd_tls.o)
                              c:/program files (x86)/atmel/studio/7.0/toolchain/arm/arm-gnu-toolchain/bin/../lib/gcc/arm-none-eabi/6.3.1/thumb/v6-m\libgcc.a(_udivsi3.o) (__aeabi_idiv0)
c:/program files (x86)/atmel/studio/7.0/toolchain/arm/arm-gnu-toolchain/bin/../lib/gcc/arm-none-eabi/6.3.1/thumb/v6-m\libgcc.a(_muldi3.o)
                              src/ASF/sam0/drivers/sercom/sercom.o (__aeabi_lmul)
c:/program files (x86)/atmel/studio/7.0/toolchain/arm/arm-gnu-toolchain/bin/../lib/gcc/arm-none-eabi/6.3.1/../../../../arm-none-eabi/lib/thumb/v6-m\libc.a(lib_a-exit.o)
                              c:/program files (x86)/atmel/studio/7.0/toolchain/arm/arm-gnu-toolchain/bin/../lib/gcc/arm-none-eabi/6.3.1/../../../../arm-none-eabi/lib/thumb/v6-m/crt0.o (exit)
c:/program files (x86)/atmel/studio/7.0/toolchain/arm/arm-gnu-toolchain/bin/../lib/gcc/arm-none-eabi/6.3.1/../../../../arm-none-eabi/lib/thumb/v6-m\libc.a(lib_a-impure.o)
                              c:/program files (x86)/atmel/studio/7.0/toolchain/arm/arm-gnu-toolchain/bin/../lib/gcc/arm-none-eabi/6.3.1/../../../../arm-none-eabi/lib/thumb/v6-m\libc.a(lib_a-exit.o) (_global_impure_ptr)
c:/program files (x86)/atmel/studio/7.0/toolchain/arm/arm-gnu-toolchain/bin/../lib/gcc/arm-none-eabi/6.3.1/../../../../arm-none-eabi/lib/thumb/v6-m\libc.a(lib_a-init.o)
                              c:/program files (x86)/atmel/studio/7.0/toolchain/arm/arm-gnu-toolchain/bin/../lib/gcc/arm-none-eabi/6.3.1/../../../../arm-none-eabi/lib/thumb/v6-m/crt0.o (__libc_init_array)
c:/program files (x86)/atmel/studio/7.0/toolchain/arm/arm-gnu-toolchain/bin/../lib/gcc/arm-none-eabi/6.3.1/../../../../arm-none-eabi/lib/thumb/v6-m\libc.a(lib_a-memset.o)
                              c:/program files (x86)/atmel/studio/7.0/toolchain/arm/arm-gnu-toolchain/bin/../lib/gcc/arm-none-eabi/6.3.1/../../../../arm-none-eabi/lib/thumb/v6-m/crt0.o (memset)
c:/program files (x86)/atmel/studio/7.0/toolchain/arm/arm-gnu-toolchain/bin/../lib/gcc/arm-none-eabi/6.3.1/../../../../arm-none-eabi/lib/thumb/v6-m\libc.a(lib_a-__call_atexit.o)
                              c:/program files (x86)/atmel/studio/7.0/toolchain/arm/arm-gnu-toolchain/bin/../lib/gcc/arm-none-eabi/6.3.1/../../../../arm-none-eabi/lib/thumb/v6-m\libc.a(lib_a-exit.o) (__call_exitprocs)
c:/program files (x86)/atmel/studio/7.0/toolchain/arm/arm-gnu-toolchain/bin/../lib/gcc/arm-none-eabi/6.3.1/../../../../arm-none-eabi/lib/thumb/v6-m\libc.a(lib_a-atexit.o)
                              c:/program files (x86)/atmel/studio/7.0/toolchain/arm/arm-gnu-toolchain/bin/../lib/gcc/arm-none-eabi/6.3.1/../../../../arm-none-eabi/lib/thumb/v6-m\libc.a(lib_a-__call_atexit.o) (atexit)
c:/program files (x86)/atmel/studio/7.0/toolchain/arm/arm-gnu-toolchain/bin/../lib/gcc/arm-none-eabi/6.3.1/../../../../arm-none-eabi/lib/thumb/v6-m\libc.a(lib_a-fini.o)
                              c:/program files (x86)/atmel/studio/7.0/toolchain/arm/arm-gnu-toolchain/bin/../lib/gcc/arm-none-eabi/6.3.1/../../../../arm-none-eabi/lib/thumb/v6-m\libc.a(lib_a-__call_atexit.o) (__libc_fini_array)
c:/program files (x86)/atmel/studio/7.0/toolchain/arm/arm-gnu-toolchain/bin/../lib/gcc/arm-none-eabi/6.3.1/../../../../arm-none-eabi/lib/thumb/v6-m\libc.a(lib_a-lock.o)
                              c:/program files (x86)/atmel/studio/7.0/toolchain/arm/arm-gnu-toolchain/bin/../lib/gcc/arm-none-eabi/6.3.1/../../../../arm-none-eabi/lib/thumb/v6-m\libc.a(lib_a-__call_atexit.o) (__retarget_lock_acquire_recursive)
c:/program files (x86)/atmel/studio/7.0/toolchain/arm/arm-gnu-toolchain/bin/../lib/gcc/arm-none-eabi/6.3.1/../../../../arm-none-eabi/lib/thumb/v6-m\libc.a(lib_a-__atexit.o)
                              c:/program files (x86)/atmel/studio/7.0/toolchain/arm/arm-gnu-toolchain/bin/../lib/gcc/arm-none-eabi/6.3.1/../../../../arm-none-eabi/lib/thumb/v6-m\libc.a(lib_a-atexit.o) (__register_exitproc)

Allocating common symbols
Common symbol       size              file

__lock___atexit_recursive_mutex
                    0x1               c:/program files (x86)/atmel/studio/7.0/toolchain/arm/arm-gnu-toolchain/bin/../lib/gcc/arm-none-eabi/6.3.1/../../../../arm-none-eabi/lib/thumb/v6-m\libc.a(lib_a-lock.o)
__lock___arc4random_mutex
                    0x1               c:/program files (x86)/atmel/studio/7.0/toolchain/arm/arm-gnu-toolchain/bin/../lib/gcc/arm-none-eabi/6.3.1/../../../../arm-none-eabi/lib/thumb/v6-m\libc.a(lib_a-lock.o)
__lock___env_recursive_mutex
[...]
Memory Configuration

Name             Origin             Length             Attributes
rom              0x00000000         0x00040000         xr
ram              0x20000000         0x00008000         xrw
*default*        0x00000000         0xffffffff

Linker script and memory map

LOAD c:/program files (x86)/atmel/studio/7.0/toolchain/arm/arm-gnu-toolchain/bin/../lib/gcc/arm-none-eabi/6.3.1/thumb/v6-m/crti.o
LOAD c:/program files (x86)/atmel/studio/7.0/toolchain/arm/arm-gnu-toolchain/bin/../lib/gcc/arm-none-eabi/6.3.1/thumb/v6-m/crtbegin.o
LOAD c:/program files (x86)/atmel/studio/7.0/toolchain/arm/arm-gnu-toolchain/bin/../lib/gcc/arm-none-eabi/6.3.1/../../../../arm-none-eabi/lib/thumb/v6-m/crt0.o
LOAD lib/Serial/Serial.o
LOAD main.o
LOAD src/ASF/sam0/drivers/sercom/sercom.o
LOAD src/ASF/sam0/drivers/sercom/usart/usart.o
LOAD src/ASF/sam0/drivers/sercom/usart/usart_interrupt.o
LOAD src/ASF/sam0/drivers/sercom/sercom_interrupt.o
LOAD src/ASF/common2/services/delay/sam0/systick_counter.o
LOAD src/ASF/sam0/drivers/port/port.o
LOAD src/ASF/common2/boards/user_board/init.o
LOAD src/ASF/common/utils/interrupt/interrupt_sam_nvic.o
LOAD src/ASF/sam0/drivers/system/clock/clock_samd21_r21_da_ha1/clock.o
LOAD src/ASF/sam0/drivers/system/clock/clock_samd21_r21_da_ha1/gclk.o
LOAD src/ASF/sam0/drivers/system/interrupt/system_interrupt.o
LOAD src/ASF/sam0/drivers/system/pinmux/pinmux.o
LOAD src/ASF/sam0/drivers/system/system.o
LOAD src/ASF/sam0/utils/cmsis/samd21/source/gcc/startup_samd21.o
LOAD src/ASF/sam0/utils/cmsis/samd21/source/system_samd21.o
LOAD src/ASF/sam0/utils/syscalls/gcc/syscalls.o
START GROUP
LOAD ../src/ASF/thirdparty/CMSIS/Lib/GCC\libarm_cortexM0l_math.a
END GROUP
LOAD c:/program files (x86)/atmel/studio/7.0/toolchain/arm/arm-gnu-toolchain/bin/../lib/gcc/arm-none-eabi/6.3.1/../../../../arm-none-eabi/lib/thumb/v6-m\libstdc++.a
LOAD c:/program files (x86)/atmel/studio/7.0/toolchain/arm/arm-gnu-toolchain/bin/../lib/gcc/arm-none-eabi/6.3.1/../../../../arm-none-eabi/lib/thumb/v6-m\libm.a
START GROUP
LOAD c:/program files (x86)/atmel/studio/7.0/toolchain/arm/arm-gnu-toolchain/bin/../lib/gcc/arm-none-eabi/6.3.1/thumb/v6-m\libgcc.a
LOAD c:/program files (x86)/atmel/studio/7.0/toolchain/arm/arm-gnu-toolchain/bin/../lib/gcc/arm-none-eabi/6.3.1/../../../../arm-none-eabi/lib/thumb/v6-m\libc.a
END GROUP
LOAD c:/program files (x86)/atmel/studio/7.0/toolchain/arm/arm-gnu-toolchain/bin/../lib/gcc/arm-none-eabi/6.3.1/thumb/v6-m/crtend.o
LOAD c:/program files (x86)/atmel/studio/7.0/toolchain/arm/arm-gnu-toolchain/bin/../lib/gcc/arm-none-eabi/6.3.1/thumb/v6-m/crtn.o
                0x00002000                STACK_SIZE = DEFINED (STACK_SIZE)?STACK_SIZE:DEFINED (__stack_size__)?__stack_size__:0x2000

.text           0x00000000     0x28a4
                0x00000000                . = ALIGN (0x4)
                0x00000000                _sfixed = .
 *(.vectors .vectors.*)
 .vectors       0x00000000       0xb4 src/ASF/sam0/utils/cmsis/samd21/source/gcc/startup_samd21.o
                0x00000000                exception_table
 *(.text .text.* .gnu.linkonce.t.*)
 .text          0x000000b4       0x60 c:/program files (x86)/atmel/studio/7.0/toolchain/arm/arm-gnu-toolchain/bin/../lib/gcc/arm-none-eabi/6.3.1/thumb/v6-m/crtbegin.o
 .text.system_interrupt_enable
                0x00000114       0x2c lib/Serial/Serial.o
 .text.usart_is_syncing
                0x00000140       0x20 lib/Serial/Serial.o
 .text._usart_wait_for_sync
                0x00000160       0x24 lib/Serial/Serial.o
 .text.usart_get_config_defaults
                0x00000184       0xbe lib/Serial/Serial.o
 *fill*         0x00000242        0x2 
 .text.usart_enable
                0x00000244       0x48 lib/Serial/Serial.o
 .text._ZN6Serial10initializeEN14SerialBaudrate8BaudrateEN10SerialPort4PortE
                0x0000028c       0x98 lib/Serial/Serial.o
                0x0000028c                Serial::initialize(SerialBaudrate::Baudrate, SerialPort::Port)
 .text._ZN6Serial11writeStringEPct
                0x00000324       0x40 lib/Serial/Serial.o
                0x00000324                Serial::writeString(char*, unsigned short)
 .text._ZN6Serial4readEv
                0x00000364       0x3c lib/Serial/Serial.o
                0x00000364                Serial::read()
 .text._ZN6Serial10readStringEv
                0x000003a0       0x9c lib/Serial/Serial.o
                0x000003a0                Serial::readString()
 .text.main     0x0000043c       0x74 main.o
                0x0000043c                main
 .text.system_gclk_chan_get_config_defaults
                0x000004b0       0x16 src/ASF/sam0/drivers/sercom/sercom.o
 .text.long_division
                0x000004c6       0xe0 src/ASF/sam0/drivers/sercom/sercom.o
 .text._sercom_get_sync_baud_val
                0x000005a6       0x7c src/ASF/sam0/drivers/sercom/sercom.o
                0x000005a6                _sercom_get_sync_baud_val
 *fill*         0x00000622        0x2 
 .text._sercom_get_async_baud_val
                0x00000624      0x1c0 src/ASF/sam0/drivers/sercom/sercom.o
                0x00000624                _sercom_get_async_baud_val
 .text.sercom_set_gclk_generator
                0x000007e4       0x8c src/ASF/sam0/drivers/sercom/sercom.o
                0x000007e4                sercom_set_gclk_generator
 .text._sercom_get_default_pad
                0x00000870      0x1bc src/ASF/sam0/drivers/sercom/sercom.o
                0x00000870                _sercom_get_default_pad
 .text._sercom_get_sercom_inst_index
                0x00000a2c       0x50 src/ASF/sam0/drivers/sercom/sercom.o
                0x00000a2c                _sercom_get_sercom_inst_index
 .text.system_gclk_chan_get_config_defaults
                0x00000a7c       0x16 src/ASF/sam0/drivers/sercom/usart/usart.o
 *fill*         0x00000a92        0x2 
 .text.system_apb_clock_set_mask
                0x00000a94       0x5c src/ASF/sam0/drivers/sercom/usart/usart.o
 .text.system_pinmux_get_config_defaults
                0x00000af0       0x28 src/ASF/sam0/drivers/sercom/usart/usart.o
 .text.system_is_debugger_present
                0x00000b18       0x20 src/ASF/sam0/drivers/sercom/usart/usart.o
 .text.usart_is_syncing
                0x00000b38       0x20 src/ASF/sam0/drivers/sercom/usart/usart.o
 .text._usart_wait_for_sync
                0x00000b58       0x24 src/ASF/sam0/drivers/sercom/usart/usart.o
 .text._usart_set_config
                0x00000b7c      0x2dc src/ASF/sam0/drivers/sercom/usart/usart.o
 .text.usart_init
                0x00000e58      0x274 src/ASF/sam0/drivers/sercom/usart/usart.o
                0x00000e58                usart_init
 .text.usart_write_wait
                0x000010cc       0x64 src/ASF/sam0/drivers/sercom/usart/usart.o
                0x000010cc                usart_write_wait
 .text.usart_read_wait
                0x00001130       0xec src/ASF/sam0/drivers/sercom/usart/usart.o
                0x00001130                usart_read_wait
 .text.usart_write_buffer_wait
                0x0000121c      0x12c src/ASF/sam0/drivers/sercom/usart/usart.o
                0x0000121c                usart_write_buffer_wait
 .text.usart_is_syncing
                0x00001348       0x20 src/ASF/sam0/drivers/sercom/usart/usart_interrupt.o
 .text._usart_wait_for_sync
                0x00001368       0x24 src/ASF/sam0/drivers/sercom/usart/usart_interrupt.o
 .text._usart_interrupt_handler
                0x0000138c      0x340 src/ASF/sam0/drivers/sercom/usart/usart_interrupt.o
                0x0000138c                _usart_interrupt_handler
 .text._sercom_default_handler
                0x000016cc       0x14 src/ASF/sam0/drivers/sercom/sercom_interrupt.o
 .text._sercom_set_handler
                0x000016e0       0x6c src/ASF/sam0/drivers/sercom/sercom_interrupt.o
                0x000016e0                _sercom_set_handler
 .text._sercom_get_interrupt_vector
                0x0000174c       0x44 src/ASF/sam0/drivers/sercom/sercom_interrupt.o
                0x0000174c                _sercom_get_interrupt_vector
 .text.SERCOM0_Handler
                0x00001790       0x18 src/ASF/sam0/drivers/sercom/sercom_interrupt.o
                0x00001790                SERCOM0_Handler
 .text.SERCOM1_Handler
                0x000017a8       0x18 src/ASF/sam0/drivers/sercom/sercom_interrupt.o
                0x000017a8                SERCOM1_Handler
 .text.SERCOM2_Handler
                0x000017c0       0x18 src/ASF/sam0/drivers/sercom/sercom_interrupt.o
                0x000017c0                SERCOM2_Handler
 .text.SERCOM3_Handler
                0x000017d8       0x18 src/ASF/sam0/drivers/sercom/sercom_interrupt.o
                0x000017d8                SERCOM3_Handler
 .text.SERCOM4_Handler
                0x000017f0       0x18 src/ASF/sam0/drivers/sercom/sercom_interrupt.o
                0x000017f0                SERCOM4_Handler
 .text.SERCOM5_Handler
                0x00001808       0x18 src/ASF/sam0/drivers/sercom/sercom_interrupt.o
                0x00001808                SERCOM5_Handler
 .text.delay_init
                0x00001820       0x58 src/ASF/common2/services/delay/sam0/systick_counter.o
                0x00001820                delay_init
 .text.system_board_init
                0x00001878        0xa src/ASF/common2/boards/user_board/init.o
                0x00001878                board_init
                0x00001878                system_board_init
 *fill*         0x00001882        0x2 
 .text.cpu_irq_enter_critical
                0x00001884       0x54 src/ASF/common/utils/interrupt/interrupt_sam_nvic.o
                0x00001884                cpu_irq_enter_critical
 .text.cpu_irq_leave_critical
                0x000018d8       0x40 src/ASF/common/utils/interrupt/interrupt_sam_nvic.o
                0x000018d8                cpu_irq_leave_critical
 .text.system_gclk_gen_get_config_defaults
                0x00001918       0x2e src/ASF/sam0/drivers/system/clock/clock_samd21_r21_da_ha1/clock.o
 .text.system_clock_source_osc8m_get_config_defaults
                0x00001946       0x22 src/ASF/sam0/drivers/system/clock/clock_samd21_r21_da_ha1/clock.o
 .text.system_cpu_clock_set_divider
                0x00001968       0x20 src/ASF/sam0/drivers/system/clock/clock_samd21_r21_da_ha1/clock.o
 .text.system_apb_clock_set_divider
                0x00001988       0x54 src/ASF/sam0/drivers/system/clock/clock_samd21_r21_da_ha1/clock.o
 .text.system_flash_set_waitstates
                0x000019dc       0x34 src/ASF/sam0/drivers/system/clock/clock_samd21_r21_da_ha1/clock.o
 .text._system_dfll_wait_for_sync
                0x00001a10       0x1c src/ASF/sam0/drivers/system/clock/clock_samd21_r21_da_ha1/clock.o
 .text._system_clock_source_dfll_set_config_errata_9905
                0x00001a2c       0x44 src/ASF/sam0/drivers/system/clock/clock_samd21_r21_da_ha1/clock.o
 .text.system_clock_source_get_hz
                0x00001a70       0xbc src/ASF/sam0/drivers/system/clock/clock_samd21_r21_da_ha1/clock.o
                0x00001a70                system_clock_source_get_hz
 .text.system_clock_source_osc8m_set_config
                0x00001b2c       0x78 src/ASF/sam0/drivers/system/clock/clock_samd21_r21_da_ha1/clock.o
                0x00001b2c                system_clock_source_osc8m_set_config
 .text.system_clock_source_enable
                0x00001ba4       0xac src/ASF/sam0/drivers/system/clock/clock_samd21_r21_da_ha1/clock.o
                0x00001ba4                system_clock_source_enable
 .text._switch_peripheral_gclk
                0x00001c50       0x38 src/ASF/sam0/drivers/system/clock/clock_samd21_r21_da_ha1/clock.o
 .text.system_clock_init
                0x00001c88       0xd4 src/ASF/sam0/drivers/system/clock/clock_samd21_r21_da_ha1/clock.o
                0x00001c88                system_clock_init
 .text.system_apb_clock_set_mask
                0x00001d5c       0x5c src/ASF/sam0/drivers/system/clock/clock_samd21_r21_da_ha1/gclk.o
 .text.system_interrupt_enter_critical_section
                0x00001db8       0x14 src/ASF/sam0/drivers/system/clock/clock_samd21_r21_da_ha1/gclk.o
 .text.system_interrupt_leave_critical_section
                0x00001dcc       0x14 src/ASF/sam0/drivers/system/clock/clock_samd21_r21_da_ha1/gclk.o
 .text.system_gclk_is_syncing
                0x00001de0       0x20 src/ASF/sam0/drivers/system/clock/clock_samd21_r21_da_ha1/gclk.o
 .text.system_gclk_init
                0x00001e00       0x30 src/ASF/sam0/drivers/system/clock/clock_samd21_r21_da_ha1/gclk.o
                0x00001e00                system_gclk_init
 .text.system_gclk_gen_set_config
                0x00001e30      0x124 src/ASF/sam0/drivers/system/clock/clock_samd21_r21_da_ha1/gclk.o
                0x00001e30                system_gclk_gen_set_config
 .text.system_gclk_gen_enable
                0x00001f54       0x5c src/ASF/sam0/drivers/system/clock/clock_samd21_r21_da_ha1/gclk.o
                0x00001f54                system_gclk_gen_enable
 .text.system_gclk_gen_get_hz
                0x00001fb0       0xd8 src/ASF/sam0/drivers/system/clock/clock_samd21_r21_da_ha1/gclk.o
                0x00001fb0                system_gclk_gen_get_hz
 .text.system_gclk_chan_set_config
                0x00002088       0x44 src/ASF/sam0/drivers/system/clock/clock_samd21_r21_da_ha1/gclk.o
                0x00002088                system_gclk_chan_set_config
 .text.system_gclk_chan_enable
                0x000020cc       0x48 src/ASF/sam0/drivers/system/clock/clock_samd21_r21_da_ha1/gclk.o
                0x000020cc                system_gclk_chan_enable
 .text.system_gclk_chan_disable
                0x00002114       0x98 src/ASF/sam0/drivers/system/clock/clock_samd21_r21_da_ha1/gclk.o
                0x00002114                system_gclk_chan_disable
 .text.system_gclk_chan_get_hz
                0x000021ac       0x58 src/ASF/sam0/drivers/system/clock/clock_samd21_r21_da_ha1/gclk.o
                0x000021ac                system_gclk_chan_get_hz
 .text.system_pinmux_get_group_from_gpio_pin
                0x00002204       0x60 src/ASF/sam0/drivers/system/pinmux/pinmux.o
 .text._system_pinmux_config
                0x00002264      0x110 src/ASF/sam0/drivers/system/pinmux/pinmux.o
 .text.system_pinmux_pin_set_config
                0x00002374       0x48 src/ASF/sam0/drivers/system/pinmux/pinmux.o
                0x00002374                system_pinmux_pin_set_config
 .text._system_dummy_init
                0x000023bc        0xa src/ASF/sam0/drivers/system/system.o
                0x000023bc                _system_extint_init
                0x000023bc                _system_events_init
                0x000023bc                _system_dummy_init
                0x000023bc                _system_divas_init
 *fill*         0x000023c6        0x2 
 .text.system_init
                0x000023c8       0x34 src/ASF/sam0/drivers/system/system.o
                0x000023c8                system_init
 .text.Reset_Handler
                0x000023fc       0xf8 src/ASF/sam0/utils/cmsis/samd21/source/gcc/startup_samd21.o
                0x000023fc                Reset_Handler
 .text.Dummy_Handler
                0x000024f4        0x6 src/ASF/sam0/utils/cmsis/samd21/source/gcc/startup_samd21.o
                0x000024f4                DMAC_Handler
                0x000024f4                HardFault_Handler
                0x000024f4                AC_Handler
                0x000024f4                SysTick_Handler
                0x000024f4                PendSV_Handler
                0x000024f4                NMI_Handler
                0x000024f4                ADC_Handler
                0x000024f4                TCC1_Handler
                0x000024f4                TCC0_Handler
                0x000024f4                RTC_Handler
                0x000024f4                EIC_Handler
                0x000024f4                WDT_Handler
                0x000024f4                TC4_Handler
                0x000024f4                USB_Handler
                0x000024f4                TC3_Handler
                0x000024f4                Dummy_Handler
                0x000024f4                PM_Handler
                0x000024f4                SVC_Handler
                0x000024f4                TCC2_Handler
                0x000024f4                EVSYS_Handler
                0x000024f4                I2S_Handler
                0x000024f4                NVMCTRL_Handler
                0x000024f4                DAC_Handler
                0x000024f4                PTC_Handler
                0x000024f4                TC5_Handler
                0x000024f4                SYSCTRL_Handler
 *fill*         0x000024fa        0x2 
 .text          0x000024fc      0x114 c:/program files (x86)/atmel/studio/7.0/toolchain/arm/arm-gnu-toolchain/bin/../lib/gcc/arm-none-eabi/6.3.1/thumb/v6-m\libgcc.a(_udivsi3.o)
                0x000024fc                __aeabi_uidiv
                0x000024fc                __udivsi3
                0x00002608                __aeabi_uidivmod
 .text          0x00002610        0x4 c:/program files (x86)/atmel/studio/7.0/toolchain/arm/arm-gnu-toolchain/bin/../lib/gcc/arm-none-eabi/6.3.1/thumb/v6-m\libgcc.a(_dvmd_tls.o)
                0x00002610                __aeabi_idiv0
                0x00002610                __aeabi_ldiv0
 .text          0x00002614       0x54 c:/program files (x86)/atmel/studio/7.0/toolchain/arm/arm-gnu-toolchain/bin/../lib/gcc/arm-none-eabi/6.3.1/thumb/v6-m\libgcc.a(_muldi3.o)
                0x00002614                __muldi3
                0x00002614                __aeabi_lmul
 .text.__libc_init_array
                0x00002668       0x48 c:/program files (x86)/atmel/studio/7.0/toolchain/arm/arm-gnu-toolchain/bin/../lib/gcc/arm-none-eabi/6.3.1/../../../../arm-none-eabi/lib/thumb/v6-m\libc.a(lib_a-init.o)
                0x00002668                __libc_init_array
 .text.startup.register_fini
                0x000026b0       0x18 c:/program files (x86)/atmel/studio/7.0/toolchain/arm/arm-gnu-toolchain/bin/../lib/gcc/arm-none-eabi/6.3.1/../../../../arm-none-eabi/lib/thumb/v6-m\libc.a(lib_a-__call_atexit.o)
 .text.atexit   0x000026c8       0x10 c:/program files (x86)/atmel/studio/7.0/toolchain/arm/arm-gnu-toolchain/bin/../lib/gcc/arm-none-eabi/6.3.1/../../../../arm-none-eabi/lib/thumb/v6-m\libc.a(lib_a-atexit.o)
                0x000026c8                atexit
 .text.__libc_fini_array
                0x000026d8       0x34 c:/program files (x86)/atmel/studio/7.0/toolchain/arm/arm-gnu-toolchain/bin/../lib/gcc/arm-none-eabi/6.3.1/../../../../arm-none-eabi/lib/thumb/v6-m\libc.a(lib_a-fini.o)
                0x000026d8                __libc_fini_array
 .text.__retarget_lock_acquire_recursive
                0x0000270c        0x4 c:/program files (x86)/atmel/studio/7.0/toolchain/arm/arm-gnu-toolchain/bin/../lib/gcc/arm-none-eabi/6.3.1/../../../../arm-none-eabi/lib/thumb/v6-m\libc.a(lib_a-lock.o)
                0x0000270c                __retarget_lock_acquire_recursive
 .text.__retarget_lock_release_recursive
                0x00002710        0x4 c:/program files (x86)/atmel/studio/7.0/toolchain/arm/arm-gnu-toolchain/bin/../lib/gcc/arm-none-eabi/6.3.1/../../../../arm-none-eabi/lib/thumb/v6-m\libc.a(lib_a-lock.o)
                0x00002710                __retarget_lock_release_recursive
 .text.__register_exitproc
                0x00002714       0xf4 c:/program files (x86)/atmel/studio/7.0/toolchain/arm/arm-gnu-toolchain/bin/../lib/gcc/arm-none-eabi/6.3.1/../../../../arm-none-eabi/lib/thumb/v6-m\libc.a(lib_a-__atexit.o)
                0x00002714                __register_exitproc
 *(.glue_7t)
 .glue_7t       0x00002808        0x0 linker stubs
 *(.glue_7)
 .glue_7        0x00002808        0x0 linker stubs
 *(.rodata .rodata* .gnu.linkonce.r.*)
 .rodata        0x00002808        0xa main.o
 *fill*         0x00002812        0x2 
 .rodata        0x00002814       0x18 src/ASF/sam0/drivers/sercom/sercom.o
 .rodata        0x0000282c        0x6 src/ASF/sam0/drivers/sercom/sercom_interrupt.o
 *fill*         0x00002832        0x2 
 .rodata.system_clock_source_get_hz
                0x00002834       0x24 src/ASF/sam0/drivers/system/clock/clock_samd21_r21_da_ha1/clock.o
 .rodata.system_clock_source_enable
                0x00002858       0x24 src/ASF/sam0/drivers/system/clock/clock_samd21_r21_da_ha1/clock.o
 .rodata._global_impure_ptr
                0x0000287c        0x4 c:/program files (x86)/atmel/studio/7.0/toolchain/arm/arm-gnu-toolchain/bin/../lib/gcc/arm-none-eabi/6.3.1/../../../../arm-none-eabi/lib/thumb/v6-m\libc.a(lib_a-impure.o)
                0x0000287c                _global_impure_ptr
 *(.ARM.extab* .gnu.linkonce.armextab.*)
                0x00002880                . = ALIGN (0x4)
 *(.init)
 .init          0x00002880        0x4 c:/program files (x86)/atmel/studio/7.0/toolchain/arm/arm-gnu-toolchain/bin/../lib/gcc/arm-none-eabi/6.3.1/thumb/v6-m/crti.o
                0x00002880                _init
 .init          0x00002884        0x8 c:/program files (x86)/atmel/studio/7.0/toolchain/arm/arm-gnu-toolchain/bin/../lib/gcc/arm-none-eabi/6.3.1/thumb/v6-m/crtn.o
                0x0000288c                . = ALIGN (0x4)
                0x0000288c                __preinit_array_start = .
 *(.preinit_array)
                0x0000288c                __preinit_array_end = .
                0x0000288c                . = ALIGN (0x4)
                0x0000288c                __init_array_start = .
 *(SORT(.init_array.*))
 .init_array.00000
                0x0000288c        0x4 c:/program files (x86)/atmel/studio/7.0/toolchain/arm/arm-gnu-toolchain/bin/../lib/gcc/arm-none-eabi/6.3.1/../../../../arm-none-eabi/lib/thumb/v6-m\libc.a(lib_a-__call_atexit.o)
 *(.init_array)
 .init_array    0x00002890        0x4 c:/program files (x86)/atmel/studio/7.0/toolchain/arm/arm-gnu-toolchain/bin/../lib/gcc/arm-none-eabi/6.3.1/thumb/v6-m/crtbegin.o
                0x00002894                __init_array_end = .
                0x00002894                . = ALIGN (0x4)
 *crtbegin.o(.ctors)
 *(EXCLUDE_FILE(*crtend.o) .ctors)
 *(SORT(.ctors.*))
 *crtend.o(.ctors)
                0x00002894                . = ALIGN (0x4)
 *(.fini)
 .fini          0x00002894        0x4 c:/program files (x86)/atmel/studio/7.0/toolchain/arm/arm-gnu-toolchain/bin/../lib/gcc/arm-none-eabi/6.3.1/thumb/v6-m/crti.o
                0x00002894                _fini
 .fini          0x00002898        0x8 c:/program files (x86)/atmel/studio/7.0/toolchain/arm/arm-gnu-toolchain/bin/../lib/gcc/arm-none-eabi/6.3.1/thumb/v6-m/crtn.o
                0x000028a0                . = ALIGN (0x4)
                0x000028a0                __fini_array_start = .
 *(.fini_array)
 .fini_array    0x000028a0        0x4 c:/program files (x86)/atmel/studio/7.0/toolchain/arm/arm-gnu-toolchain/bin/../lib/gcc/arm-none-eabi/6.3.1/thumb/v6-m/crtbegin.o
 *(SORT(.fini_array.*))
                0x000028a4                __fini_array_end = .
 *crtbegin.o(.dtors)
 *(EXCLUDE_FILE(*crtend.o) .dtors)
 *(SORT(.dtors.*))
 *crtend.o(.dtors)
                0x000028a4                . = ALIGN (0x4)
                0x000028a4                _efixed = .
                [!provide]                PROVIDE (__exidx_start, .)

.vfp11_veneer   0x000028a4        0x0
 .vfp11_veneer  0x000028a4        0x0 linker stubs

.v4_bx          0x000028a4        0x0
 .v4_bx         0x000028a4        0x0 linker stubs

.iplt           0x000028a4        0x0
 .iplt          0x000028a4        0x0 c:/program files (x86)/atmel/studio/7.0/toolchain/arm/arm-gnu-toolchain/bin/../lib/gcc/arm-none-eabi/6.3.1/thumb/v6-m/crtbegin.o

.eh_frame       0x000028a4        0x0
 .eh_frame      0x000028a4        0x0 c:/program files (x86)/atmel/studio/7.0/toolchain/arm/arm-gnu-toolchain/bin/../lib/gcc/arm-none-eabi/6.3.1/thumb/v6-m/crtbegin.o

.rel.dyn        0x000028a4        0x0
 .rel.iplt      0x000028a4        0x0 c:/program files (x86)/atmel/studio/7.0/toolchain/arm/arm-gnu-toolchain/bin/../lib/gcc/arm-none-eabi/6.3.1/thumb/v6-m/crtbegin.o

.jcr            0x000028a4        0x0
 .jcr           0x000028a4        0x0 c:/program files (x86)/atmel/studio/7.0/toolchain/arm/arm-gnu-toolchain/bin/../lib/gcc/arm-none-eabi/6.3.1/thumb/v6-m/crtbegin.o

.igot.plt       0x000028a4        0x0
 .igot.plt      0x000028a4        0x0 c:/program files (x86)/atmel/studio/7.0/toolchain/arm/arm-gnu-toolchain/bin/../lib/gcc/arm-none-eabi/6.3.1/thumb/v6-m/crtbegin.o

.ARM.exidx
 *(.ARM.exidx* .gnu.linkonce.armexidx.*)
                [!provide]                PROVIDE (__exidx_end, .)
                0x000028a4                . = ALIGN (0x4)
                0x000028a4                _etext = .

.relocate       0x20000000      0x43c load address 0x000028a4
                0x20000000                . = ALIGN (0x4)
                0x20000000                _srelocate = .
 *(.ramfunc .ramfunc.*)
 *(.data .data.*)
 .data.cycles_per_ms
                0x20000000        0x4 src/ASF/common2/services/delay/sam0/systick_counter.o
 .data.cycles_per_us
                0x20000004        0x4 src/ASF/common2/services/delay/sam0/systick_counter.o
 .data.g_interrupt_enabled
                0x20000008        0x1 src/ASF/common/utils/interrupt/interrupt_sam_nvic.o
                0x20000008                g_interrupt_enabled
 *fill*         0x20000009        0x7 
 .data.impure_data
                0x20000010      0x428 c:/program files (x86)/atmel/studio/7.0/toolchain/arm/arm-gnu-toolchain/bin/../lib/gcc/arm-none-eabi/6.3.1/../../../../arm-none-eabi/lib/thumb/v6-m\libc.a(lib_a-impure.o)
 .data.__atexit_recursive_mutex
                0x20000438        0x4 c:/program files (x86)/atmel/studio/7.0/toolchain/arm/arm-gnu-toolchain/bin/../lib/gcc/arm-none-eabi/6.3.1/../../../../arm-none-eabi/lib/thumb/v6-m\libc.a(lib_a-__call_atexit.o)
                0x20000438                __atexit_recursive_mutex
                0x2000043c                . = ALIGN (0x4)
                0x2000043c                _erelocate = .

.bss            0x2000043c       0x94 load address 0x00002ce0
                0x2000043c                . = ALIGN (0x4)
                0x2000043c                _sbss = .
                0x2000043c                _szero = .
 *(.bss .bss.*)
 .bss           0x2000043c       0x1c c:/program files (x86)/atmel/studio/7.0/toolchain/arm/arm-gnu-toolchain/bin/../lib/gcc/arm-none-eabi/6.3.1/thumb/v6-m/crtbegin.o
 .bss._sercom_config
                0x20000458        0x2 src/ASF/sam0/drivers/sercom/sercom.o
 .bss._handler_table_initialized
                0x2000045a        0x1 src/ASF/sam0/drivers/sercom/sercom_interrupt.o
 *fill*         0x2000045b        0x1 
 .bss._sercom_interrupt_handlers
                0x2000045c       0x18 src/ASF/sam0/drivers/sercom/sercom_interrupt.o
 .bss.cpu_irq_critical_section_counter
                0x20000474        0x4 src/ASF/common/utils/interrupt/interrupt_sam_nvic.o
 .bss.cpu_irq_prev_interrupt_state
                0x20000478        0x1 src/ASF/common/utils/interrupt/interrupt_sam_nvic.o
 *fill*         0x20000479        0x3 
 .bss._system_clock_inst
                0x2000047c       0x18 src/ASF/sam0/drivers/system/clock/clock_samd21_r21_da_ha1/clock.o
 *(COMMON)
 COMMON         0x20000494       0x18 src/ASF/sam0/drivers/sercom/sercom_interrupt.o
                0x20000494                _sercom_instances
 COMMON         0x200004ac       0x21 c:/program files (x86)/atmel/studio/7.0/toolchain/arm/arm-gnu-toolchain/bin/../lib/gcc/arm-none-eabi/6.3.1/../../../../arm-none-eabi/lib/thumb/v6-m\libc.a(lib_a-lock.o)
                0x200004ac                __lock___atexit_recursive_mutex
                0x200004b0                __lock___arc4random_mutex
                0x200004b4                __lock___env_recursive_mutex
                0x200004b8                __lock___sinit_recursive_mutex
                0x200004bc                __lock___malloc_recursive_mutex
                0x200004c0                __lock___at_quick_exit_mutex
                0x200004c4                __lock___dd_hash_mutex
                0x200004c8                __lock___tz_mutex
                0x200004cc                __lock___sfp_recursive_mutex
                0x200004d0                . = ALIGN (0x4)
 *fill*         0x200004cd        0x3 
                0x200004d0                _ebss = .
                0x200004d0                _ezero = .

.stack          0x200004d0     0x2000 load address 0x00002d74
                0x200004d0                . = ALIGN (0x8)
                0x200004d0                _sstack = .
                0x200024d0                . = (. + STACK_SIZE)
 *fill*         0x200004d0     0x2000 
                0x200024d0                . = ALIGN (0x8)
                0x200024d0                _estack = .
                0x200024d0                . = ALIGN (0x4)
                0x200024d0                _end = .
OUTPUT(Serial.elf elf32-littlearm)

.ARM.attributes
                0x00000000       0x28
 .ARM.attributes
                0x00000000       0x1e c:/program files (x86)/atmel/studio/7.0/toolchain/arm/arm-gnu-toolchain/bin/../lib/gcc/arm-none-eabi/6.3.1/thumb/v6-m/crti.o
 .ARM.attributes
                0x0000001e       0x2c c:/program files (x86)/atmel/studio/7.0/toolchain/arm/arm-gnu-toolchain/bin/../lib/gcc/arm-none-eabi/6.3.1/thumb/v6-m/crtbegin.o
 .ARM.attributes
                0x0000004a       0x32 lib/Serial/Serial.o
 .ARM.attributes
                0x0000007c       0x32 main.o
 .ARM.attributes
                0x000000ae       0x32 src/ASF/sam0/drivers/sercom/sercom.o
 .ARM.attributes
                0x000000e0       0x32 src/ASF/sam0/drivers/sercom/usart/usart.o
 .ARM.attributes
                0x00000112       0x32 src/ASF/sam0/drivers/sercom/usart/usart_interrupt.o
 .ARM.attributes
                0x00000144       0x32 src/ASF/sam0/drivers/sercom/sercom_interrupt.o
 .ARM.attributes
                0x00000176       0x32 src/ASF/common2/services/delay/sam0/systick_counter.o
 .ARM.attributes
                0x000001a8       0x32 src/ASF/common2/boards/user_board/init.o
 .ARM.attributes
                0x000001da       0x32 src/ASF/common/utils/interrupt/interrupt_sam_nvic.o
 .ARM.attributes
                0x0000020c       0x32 src/ASF/sam0/drivers/system/clock/clock_samd21_r21_da_ha1/clock.o
 .ARM.attributes
                0x0000023e       0x32 src/ASF/sam0/drivers/system/clock/clock_samd21_r21_da_ha1/gclk.o
 .ARM.attributes
                0x00000270       0x32 src/ASF/sam0/drivers/system/pinmux/pinmux.o
 .ARM.attributes
                0x000002a2       0x32 src/ASF/sam0/drivers/system/system.o
 .ARM.attributes
                0x000002d4       0x32 src/ASF/sam0/utils/cmsis/samd21/source/gcc/startup_samd21.o
 .ARM.attributes
                0x00000306       0x1e c:/program files (x86)/atmel/studio/7.0/toolchain/arm/arm-gnu-toolchain/bin/../lib/gcc/arm-none-eabi/6.3.1/thumb/v6-m\libgcc.a(_udivsi3.o)
 .ARM.attributes
                0x00000324       0x1e c:/program files (x86)/atmel/studio/7.0/toolchain/arm/arm-gnu-toolchain/bin/../lib/gcc/arm-none-eabi/6.3.1/thumb/v6-m\libgcc.a(_dvmd_tls.o)
 .ARM.attributes
                0x00000342       0x2c c:/program files (x86)/atmel/studio/7.0/toolchain/arm/arm-gnu-toolchain/bin/../lib/gcc/arm-none-eabi/6.3.1/thumb/v6-m\libgcc.a(_muldi3.o)
 .ARM.attributes
                0x0000036e       0x2c c:/program files (x86)/atmel/studio/7.0/toolchain/arm/arm-gnu-toolchain/bin/../lib/gcc/arm-none-eabi/6.3.1/../../../../arm-none-eabi/lib/thumb/v6-m\libc.a(lib_a-impure.o)
 .ARM.attributes
                0x0000039a       0x2c c:/program files (x86)/atmel/studio/7.0/toolchain/arm/arm-gnu-toolchain/bin/../lib/gcc/arm-none-eabi/6.3.1/../../../../arm-none-eabi/lib/thumb/v6-m\libc.a(lib_a-init.o)
 .ARM.attributes
                0x000003c6       0x2c c:/program files (x86)/atmel/studio/7.0/toolchain/arm/arm-gnu-toolchain/bin/../lib/gcc/arm-none-eabi/6.3.1/../../../../arm-none-eabi/lib/thumb/v6-m\libc.a(lib_a-__call_atexit.o)
 .ARM.attributes
                0x000003f2       0x2c c:/program files (x86)/atmel/studio/7.0/toolchain/arm/arm-gnu-toolchain/bin/../lib/gcc/arm-none-eabi/6.3.1/../../../../arm-none-eabi/lib/thumb/v6-m\libc.a(lib_a-atexit.o)
 .ARM.attributes
                0x0000041e       0x2c c:/program files (x86)/atmel/studio/7.0/toolchain/arm/arm-gnu-toolchain/bin/../lib/gcc/arm-none-eabi/6.3.1/../../../../arm-none-eabi/lib/thumb/v6-m\libc.a(lib_a-fini.o)
 .ARM.attributes
                0x0000044a       0x2c c:/program files (x86)/atmel/studio/7.0/toolchain/arm/arm-gnu-toolchain/bin/../lib/gcc/arm-none-eabi/6.3.1/../../../../arm-none-eabi/lib/thumb/v6-m\libc.a(lib_a-lock.o)
 .ARM.attributes
                0x00000476       0x2c c:/program files (x86)/atmel/studio/7.0/toolchain/arm/arm-gnu-toolchain/bin/../lib/gcc/arm-none-eabi/6.3.1/../../../../arm-none-eabi/lib/thumb/v6-m\libc.a(lib_a-__atexit.o)
 .ARM.attributes
                0x000004a2       0x1e c:/program files (x86)/atmel/studio/7.0/toolchain/arm/arm-gnu-toolchain/bin/../lib/gcc/arm-none-eabi/6.3.1/thumb/v6-m/crtn.o

.comment        0x00000000       0x59
 .comment       0x00000000       0x59 lib/Serial/Serial.o
                                 0x5a (size before relaxing)
 .comment       0x00000059       0x5a main.o
 .comment       0x00000059       0x5a src/ASF/sam0/drivers/sercom/sercom.o
 .comment       0x00000059       0x5a src/ASF/sam0/drivers/sercom/usart/usart.o
 .comment       0x00000059       0x5a src/ASF/sam0/drivers/sercom/usart/usart_interrupt.o
 .comment       0x00000059       0x5a src/ASF/sam0/drivers/sercom/sercom_interrupt.o
 .comment       0x00000059       0x5a src/ASF/common2/services/delay/sam0/systick_counter.o
 .comment       0x00000059       0x5a src/ASF/common2/boards/user_board/init.o
 .comment       0x00000059       0x5a src/ASF/common/utils/interrupt/interrupt_sam_nvic.o
 .comment       0x00000059       0x5a src/ASF/sam0/drivers/system/clock/clock_samd21_r21_da_ha1/clock.o
 .comment       0x00000059       0x5a src/ASF/sam0/drivers/system/clock/clock_samd21_r21_da_ha1/gclk.o
 .comment       0x00000059       0x5a src/ASF/sam0/drivers/system/pinmux/pinmux.o
 .comment       0x00000059       0x5a src/ASF/sam0/drivers/system/system.o
 .comment       0x00000059       0x5a src/ASF/sam0/utils/cmsis/samd21/source/gcc/startup_samd21.o

.debug_info     0x00000000    0x20d73
 .debug_info    0x00000000     0x39e2 lib/Serial/Serial.o
 .debug_info    0x000039e2     0x3556 main.o
 .debug_info    0x00006f38     0x2d96 src/ASF/sam0/drivers/sercom/sercom.o
 .debug_info    0x00009cce     0x4883 src/ASF/sam0/drivers/sercom/usart/usart.o
 .debug_info    0x0000e551     0x2f5e src/ASF/sam0/drivers/sercom/usart/usart_interrupt.o
 .debug_info    0x000114af     0x2b6d src/ASF/sam0/drivers/sercom/sercom_interrupt.o
 .debug_info    0x0001401c      0xb60 src/ASF/common2/services/delay/sam0/systick_counter.o
 .debug_info    0x00014b7c      0xa5d src/ASF/common2/boards/user_board/init.o
 .debug_info    0x000155d9      0xb0c src/ASF/common/utils/interrupt/interrupt_sam_nvic.o
 .debug_info    0x000160e5     0x36f9 src/ASF/sam0/drivers/system/clock/clock_samd21_r21_da_ha1/clock.o
 .debug_info    0x000197de     0x1d15 src/ASF/sam0/drivers/system/clock/clock_samd21_r21_da_ha1/gclk.o
 .debug_info    0x0001b4f3     0x13c0 src/ASF/sam0/drivers/system/pinmux/pinmux.o
 .debug_info    0x0001c8b3      0xa74 src/ASF/sam0/drivers/system/system.o
 .debug_info    0x0001d327     0x3a4c src/ASF/sam0/utils/cmsis/samd21/source/gcc/startup_samd21.o

.debug_abbrev   0x00000000     0x291c
 .debug_abbrev  0x00000000      0x48a lib/Serial/Serial.o
 .debug_abbrev  0x0000048a      0x3ef main.o
 .debug_abbrev  0x00000879      0x30e src/ASF/sam0/drivers/sercom/sercom.o
 .debug_abbrev  0x00000b87      0x377 src/ASF/sam0/drivers/sercom/usart/usart.o
 .debug_abbrev  0x00000efe      0x344 src/ASF/sam0/drivers/sercom/usart/usart_interrupt.o
 .debug_abbrev  0x00001242      0x2bf src/ASF/sam0/drivers/sercom/sercom_interrupt.o
 .debug_abbrev  0x00001501      0x22d src/ASF/common2/services/delay/sam0/systick_counter.o
 .debug_abbrev  0x0000172e      0x1be src/ASF/common2/boards/user_board/init.o
 .debug_abbrev  0x000018ec      0x22e src/ASF/common/utils/interrupt/interrupt_sam_nvic.o
 .debug_abbrev  0x00001b1a      0x3ab src/ASF/sam0/drivers/system/clock/clock_samd21_r21_da_ha1/clock.o
 .debug_abbrev  0x00001ec5      0x35e src/ASF/sam0/drivers/system/clock/clock_samd21_r21_da_ha1/gclk.o
 .debug_abbrev  0x00002223      0x2f1 src/ASF/sam0/drivers/system/pinmux/pinmux.o
 .debug_abbrev  0x00002514      0x1e1 src/ASF/sam0/drivers/system/system.o
 .debug_abbrev  0x000026f5      0x227 src/ASF/sam0/utils/cmsis/samd21/source/gcc/startup_samd21.o

.debug_loc      0x00000000     0x16db
 .debug_loc     0x00000000      0x230 lib/Serial/Serial.o
 .debug_loc     0x00000230       0x3a main.o
 .debug_loc     0x0000026a      0x18c src/ASF/sam0/drivers/sercom/sercom.o
 .debug_loc     0x000003f6      0x297 src/ASF/sam0/drivers/sercom/usart/usart.o
 .debug_loc     0x0000068d      0x330 src/ASF/sam0/drivers/sercom/usart/usart_interrupt.o
 .debug_loc     0x000009bd      0x1b0 src/ASF/sam0/drivers/sercom/sercom_interrupt.o
 .debug_loc     0x00000b6d       0xd4 src/ASF/common2/services/delay/sam0/systick_counter.o
 .debug_loc     0x00000c41       0x2c src/ASF/common2/boards/user_board/init.o
 .debug_loc     0x00000c6d       0x64 src/ASF/common/utils/interrupt/interrupt_sam_nvic.o
 .debug_loc     0x00000cd1      0x476 src/ASF/sam0/drivers/system/clock/clock_samd21_r21_da_ha1/clock.o
 .debug_loc     0x00001147      0x388 src/ASF/sam0/drivers/system/clock/clock_samd21_r21_da_ha1/gclk.o
 .debug_loc     0x000014cf      0x150 src/ASF/sam0/drivers/system/pinmux/pinmux.o
 .debug_loc     0x0000161f       0x58 src/ASF/sam0/drivers/system/system.o
 .debug_loc     0x00001677       0x64 src/ASF/sam0/utils/cmsis/samd21/source/gcc/startup_samd21.o

.debug_aranges  0x00000000      0x4b8
 .debug_aranges
                0x00000000       0x68 lib/Serial/Serial.o
 .debug_aranges
                0x00000068       0x20 main.o
 .debug_aranges
                0x00000088       0x50 src/ASF/sam0/drivers/sercom/sercom.o
 .debug_aranges
                0x000000d8       0x78 src/ASF/sam0/drivers/sercom/usart/usart.o
 .debug_aranges
                0x00000150       0x90 src/ASF/sam0/drivers/sercom/usart/usart_interrupt.o
 .debug_aranges
                0x000001e0       0x60 src/ASF/sam0/drivers/sercom/sercom_interrupt.o
 .debug_aranges
                0x00000240       0x38 src/ASF/common2/services/delay/sam0/systick_counter.o
 .debug_aranges
                0x00000278       0x20 src/ASF/common2/boards/user_board/init.o
 .debug_aranges
                0x00000298       0x28 src/ASF/common/utils/interrupt/interrupt_sam_nvic.o
 .debug_aranges
                0x000002c0       0xc0 src/ASF/sam0/drivers/system/clock/clock_samd21_r21_da_ha1/clock.o
 .debug_aranges
                0x00000380       0xa0 src/ASF/sam0/drivers/system/clock/clock_samd21_r21_da_ha1/gclk.o
 .debug_aranges
                0x00000420       0x48 src/ASF/sam0/drivers/system/pinmux/pinmux.o
 .debug_aranges
                0x00000468       0x28 src/ASF/sam0/drivers/system/system.o
 .debug_aranges
                0x00000490       0x28 src/ASF/sam0/utils/cmsis/samd21/source/gcc/startup_samd21.o

.debug_ranges   0x00000000      0x3d8
 .debug_ranges  0x00000000       0x58 lib/Serial/Serial.o
 .debug_ranges  0x00000058       0x10 main.o
 .debug_ranges  0x00000068       0x40 src/ASF/sam0/drivers/sercom/sercom.o
 .debug_ranges  0x000000a8       0x68 src/ASF/sam0/drivers/sercom/usart/usart.o
 .debug_ranges  0x00000110       0x80 src/ASF/sam0/drivers/sercom/usart/usart_interrupt.o
 .debug_ranges  0x00000190       0x50 src/ASF/sam0/drivers/sercom/sercom_interrupt.o
 .debug_ranges  0x000001e0       0x28 src/ASF/common2/services/delay/sam0/systick_counter.o
 .debug_ranges  0x00000208       0x10 src/ASF/common2/boards/user_board/init.o
 .debug_ranges  0x00000218       0x18 src/ASF/common/utils/interrupt/interrupt_sam_nvic.o
 .debug_ranges  0x00000230       0xb0 src/ASF/sam0/drivers/system/clock/clock_samd21_r21_da_ha1/clock.o
 .debug_ranges  0x000002e0       0x90 src/ASF/sam0/drivers/system/clock/clock_samd21_r21_da_ha1/gclk.o
 .debug_ranges  0x00000370       0x38 src/ASF/sam0/drivers/system/pinmux/pinmux.o
 .debug_ranges  0x000003a8       0x18 src/ASF/sam0/drivers/system/system.o
 .debug_ranges  0x000003c0       0x18 src/ASF/sam0/utils/cmsis/samd21/source/gcc/startup_samd21.o

.debug_macro    0x00000000    0x1a540
 .debug_macro   0x00000000      0x606 lib/Serial/Serial.o
 .debug_macro   0x00000606      0x98e lib/Serial/Serial.o
 .debug_macro   0x00000f94      0x17b lib/Serial/Serial.o
 .debug_macro   0x0000110f      0x64b lib/Serial/Serial.o
 .debug_macro   0x0000175a       0x1c lib/Serial/Serial.o
 .debug_macro   0x00001776       0x22 lib/Serial/Serial.o
 .debug_macro   0x00001798       0x4f lib/Serial/Serial.o
 .debug_macro   0x000017e7       0x51 lib/Serial/Serial.o
 .debug_macro   0x00001838       0xef lib/Serial/Serial.o
 .debug_macro   0x00001927       0x6a lib/Serial/Serial.o
 .debug_macro   0x00001991      0x1df lib/Serial/Serial.o
 .debug_macro   0x00001b70       0x10 lib/Serial/Serial.o
 .debug_macro   0x00001b80       0x76 lib/Serial/Serial.o
 .debug_macro   0x00001bf6       0x16 lib/Serial/Serial.o
 .debug_macro   0x00001c0c      0x6e5 lib/Serial/Serial.o
 .debug_macro   0x000022f1      0xde2 lib/Serial/Serial.o
 .debug_macro   0x000030d3       0x16 lib/Serial/Serial.o
 .debug_macro   0x000030e9       0x40 lib/Serial/Serial.o
 .debug_macro   0x00003129       0x3a lib/Serial/Serial.o
 .debug_macro   0x00003163       0x1f lib/Serial/Serial.o
 .debug_macro   0x00003182      0x250 lib/Serial/Serial.o
 .debug_macro   0x000033d2      0x682 lib/Serial/Serial.o
 .debug_macro   0x00003a54      0x8bf lib/Serial/Serial.o
 .debug_macro   0x00004313      0x235 lib/Serial/Serial.o
 .debug_macro   0x00004548      0xd6a lib/Serial/Serial.o
 .debug_macro   0x000052b2      0x4ce lib/Serial/Serial.o
 .debug_macro   0x00005780      0x9f8 lib/Serial/Serial.o
 .debug_macro   0x00006178      0x82b lib/Serial/Serial.o
 .debug_macro   0x000069a3      0x45f lib/Serial/Serial.o
 .debug_macro   0x00006e02       0x5e lib/Serial/Serial.o
 .debug_macro   0x00006e60      0x906 lib/Serial/Serial.o
 .debug_macro   0x00007766      0x225 lib/Serial/Serial.o
 .debug_macro   0x0000798b      0x963 lib/Serial/Serial.o
 .debug_macro   0x000082ee       0x5e lib/Serial/Serial.o
 .debug_macro   0x0000834c      0x671 lib/Serial/Serial.o
 .debug_macro   0x000089bd      0x3af lib/Serial/Serial.o
 .debug_macro   0x00008d6c      0xc7f lib/Serial/Serial.o
 .debug_macro   0x000099eb     0x1092 lib/Serial/Serial.o
 .debug_macro   0x0000aa7d      0xc4a lib/Serial/Serial.o
 .debug_macro   0x0000b6c7      0x6bf lib/Serial/Serial.o
 .debug_macro   0x0000bd86     0x1bc9 lib/Serial/Serial.o
 .debug_macro   0x0000d94f     0x144a lib/Serial/Serial.o
 .debug_macro   0x0000ed99      0x34e lib/Serial/Serial.o
 .debug_macro   0x0000f0e7       0x7c lib/Serial/Serial.o
 .debug_macro   0x0000f163       0xa0 lib/Serial/Serial.o
 .debug_macro   0x0000f203       0x4c lib/Serial/Serial.o
 .debug_macro   0x0000f24f       0xca lib/Serial/Serial.o
 .debug_macro   0x0000f319       0x94 lib/Serial/Serial.o
 .debug_macro   0x0000f3ad       0x58 lib/Serial/Serial.o
 .debug_macro   0x0000f405      0x387 lib/Serial/Serial.o
 .debug_macro   0x0000f78c       0x82 lib/Serial/Serial.o
 .debug_macro   0x0000f80e      0x197 lib/Serial/Serial.o
 .debug_macro   0x0000f9a5       0xb8 lib/Serial/Serial.o
 .debug_macro   0x0000fa5d       0xa0 lib/Serial/Serial.o
 .debug_macro   0x0000fafd       0xb8 lib/Serial/Serial.o
 .debug_macro   0x0000fbb5       0x1c lib/Serial/Serial.o
 .debug_macro   0x0000fbd1       0x1c lib/Serial/Serial.o
 .debug_macro   0x0000fbed       0x1c lib/Serial/Serial.o
 .debug_macro   0x0000fc09       0x82 lib/Serial/Serial.o
 .debug_macro   0x0000fc8b      0x161 lib/Serial/Serial.o
 .debug_macro   0x0000fdec       0xdc lib/Serial/Serial.o
 .debug_macro   0x0000fec8      0x12f lib/Serial/Serial.o
 .debug_macro   0x0000fff7      0x12f lib/Serial/Serial.o
 .debug_macro   0x00010126      0x12f lib/Serial/Serial.o
 .debug_macro   0x00010255      0x12f lib/Serial/Serial.o
 .debug_macro   0x00010384      0x12f lib/Serial/Serial.o
 .debug_macro   0x000104b3      0x12f lib/Serial/Serial.o
 .debug_macro   0x000105e2      0x124 lib/Serial/Serial.o
 .debug_macro   0x00010706       0xe2 lib/Serial/Serial.o
 .debug_macro   0x000107e8       0xe2 lib/Serial/Serial.o
 .debug_macro   0x000108ca       0xe2 lib/Serial/Serial.o
 .debug_macro   0x000109ac      0x133 lib/Serial/Serial.o
 .debug_macro   0x00010adf      0x106 lib/Serial/Serial.o
 .debug_macro   0x00010be5       0xfa lib/Serial/Serial.o
 .debug_macro   0x00010cdf      0x40f lib/Serial/Serial.o
 .debug_macro   0x000110ee       0x40 lib/Serial/Serial.o
 .debug_macro   0x0001112e      0x361 lib/Serial/Serial.o
 .debug_macro   0x0001148f     0x16ed lib/Serial/Serial.o
 .debug_macro   0x00012b7c       0x6d lib/Serial/Serial.o
 .debug_macro   0x00012be9       0x58 lib/Serial/Serial.o
 .debug_macro   0x00012c41       0x35 lib/Serial/Serial.o
 .debug_macro   0x00012c76       0x9c lib/Serial/Serial.o
 .debug_macro   0x00012d12       0x16 lib/Serial/Serial.o
 .debug_macro   0x00012d28       0x35 lib/Serial/Serial.o
 .debug_macro   0x00012d5d      0x353 lib/Serial/Serial.o
 .debug_macro   0x000130b0       0x10 lib/Serial/Serial.o
 .debug_macro   0x000130c0       0x58 lib/Serial/Serial.o
 .debug_macro   0x00013118       0x1f lib/Serial/Serial.o
 .debug_macro   0x00013137       0x43 lib/Serial/Serial.o
 .debug_macro   0x0001317a       0x20 lib/Serial/Serial.o
 .debug_macro   0x0001319a      0x187 lib/Serial/Serial.o
 .debug_macro   0x00013321       0x10 lib/Serial/Serial.o
 .debug_macro   0x00013331       0xb6 lib/Serial/Serial.o
 .debug_macro   0x000133e7       0x16 lib/Serial/Serial.o
 .debug_macro   0x000133fd      0x145 lib/Serial/Serial.o
 .debug_macro   0x00013542      0x143 lib/Serial/Serial.o
 .debug_macro   0x00013685       0x10 lib/Serial/Serial.o
 .debug_macro   0x00013695      0x3c3 lib/Serial/Serial.o
 .debug_macro   0x00013a58       0x10 lib/Serial/Serial.o
 .debug_macro   0x00013a68       0x16 lib/Serial/Serial.o
 .debug_macro   0x00013a7e       0x22 lib/Serial/Serial.o
 .debug_macro   0x00013aa0       0xea lib/Serial/Serial.o
 .debug_macro   0x00013b8a       0x51 lib/Serial/Serial.o
 .debug_macro   0x00013bdb       0x3f lib/Serial/Serial.o
 .debug_macro   0x00013c1a      0x3c3 lib/Serial/Serial.o
 .debug_macro   0x00013fdd       0x11 lib/Serial/Serial.o
 .debug_macro   0x00013fee       0x16 lib/Serial/Serial.o
 .debug_macro   0x00014004       0x16 lib/Serial/Serial.o
 .debug_macro   0x0001401a      0x2c6 lib/Serial/Serial.o
 .debug_macro   0x000142e0       0x18 lib/Serial/Serial.o
 .debug_macro   0x000142f8       0x12 lib/Serial/Serial.o
 .debug_macro   0x0001430a       0x16 lib/Serial/Serial.o
 .debug_macro   0x00014320       0x2e lib/Serial/Serial.o
 .debug_macro   0x0001434e       0xb2 lib/Serial/Serial.o
 .debug_macro   0x00014400       0x10 lib/Serial/Serial.o
 .debug_macro   0x00014410       0x57 lib/Serial/Serial.o
 .debug_macro   0x00014467       0x34 lib/Serial/Serial.o
 .debug_macro   0x0001449b      0x606 main.o
 .debug_macro   0x00014aa1      0x58b src/ASF/sam0/drivers/sercom/sercom.o
 .debug_macro   0x0001502c      0x8b6 src/ASF/sam0/drivers/sercom/sercom.o
 .debug_macro   0x000158e2      0x16d src/ASF/sam0/drivers/sercom/sercom.o
 .debug_macro   0x00015a4f       0x87 src/ASF/sam0/drivers/sercom/sercom.o
 .debug_macro   0x00015ad6       0x22 src/ASF/sam0/drivers/sercom/sercom.o
 .debug_macro   0x00015af8      0x250 src/ASF/sam0/drivers/sercom/sercom.o
 .debug_macro   0x00015d48       0x9c src/ASF/sam0/drivers/sercom/sercom.o
 .debug_macro   0x00015de4       0x35 src/ASF/sam0/drivers/sercom/sercom.o
 .debug_macro   0x00015e19      0x353 src/ASF/sam0/drivers/sercom/sercom.o
 .debug_macro   0x0001616c       0x43 src/ASF/sam0/drivers/sercom/sercom.o
 .debug_macro   0x000161af       0x1c src/ASF/sam0/drivers/sercom/sercom.o
 .debug_macro   0x000161cb       0x52 src/ASF/sam0/drivers/sercom/sercom.o
 .debug_macro   0x0001621d       0x40 src/ASF/sam0/drivers/sercom/sercom.o
 .debug_macro   0x0001625d       0x10 src/ASF/sam0/drivers/sercom/sercom.o
 .debug_macro   0x0001626d       0x40 src/ASF/sam0/drivers/sercom/sercom.o
 .debug_macro   0x000162ad       0xd7 src/ASF/sam0/drivers/sercom/sercom.o
 .debug_macro   0x00016384      0x18b src/ASF/sam0/drivers/sercom/sercom.o
 .debug_macro   0x0001650f       0x16 src/ASF/sam0/drivers/sercom/sercom.o
 .debug_macro   0x00016525       0x29 src/ASF/sam0/drivers/sercom/sercom.o
 .debug_macro   0x0001654e      0x3df src/ASF/sam0/drivers/sercom/sercom.o
 .debug_macro   0x0001692d      0x59c src/ASF/sam0/drivers/sercom/usart/usart.o
 .debug_macro   0x00016ec9       0x51 src/ASF/sam0/drivers/sercom/usart/usart.o
 .debug_macro   0x00016f1a      0x59c src/ASF/sam0/drivers/sercom/usart/usart_interrupt.o
 .debug_macro   0x000174b6      0x588 src/ASF/sam0/drivers/sercom/sercom_interrupt.o
 .debug_macro   0x00017a3e      0x539 src/ASF/common2/services/delay/sam0/systick_counter.o
 .debug_macro   0x00017f77      0x60b src/ASF/common2/boards/user_board/init.o
 .debug_macro   0x00018582      0x4fe src/ASF/common/utils/interrupt/interrupt_sam_nvic.o
 .debug_macro   0x00018a80      0x56f src/ASF/sam0/drivers/system/clock/clock_samd21_r21_da_ha1/clock.o
 .debug_macro   0x00018fef      0x29d src/ASF/sam0/drivers/system/clock/clock_samd21_r21_da_ha1/clock.o
 .debug_macro   0x0001928c      0x534 src/ASF/sam0/drivers/system/clock/clock_samd21_r21_da_ha1/gclk.o
 .debug_macro   0x000197c0      0x50e src/ASF/sam0/drivers/system/pinmux/pinmux.o
 .debug_macro   0x00019cce       0x12 src/ASF/sam0/drivers/system/pinmux/pinmux.o
 .debug_macro   0x00019ce0      0x541 src/ASF/sam0/drivers/system/system.o
 .debug_macro   0x0001a221      0x2e5 src/ASF/sam0/utils/cmsis/samd21/source/gcc/startup_samd21.o
 .debug_macro   0x0001a506       0x3a src/ASF/sam0/utils/cmsis/samd21/source/gcc/startup_samd21.o

.debug_line     0x00000000     0x9f2f
 .debug_line    0x00000000      0xebe lib/Serial/Serial.o
 .debug_line    0x00000ebe      0xddf main.o
 .debug_line    0x00001c9d      0xc13 src/ASF/sam0/drivers/sercom/sercom.o
 .debug_line    0x000028b0      0xd53 src/ASF/sam0/drivers/sercom/usart/usart.o
 .debug_line    0x00003603      0xcbd src/ASF/sam0/drivers/sercom/usart/usart_interrupt.o
 .debug_line    0x000042c0      0xb75 src/ASF/sam0/drivers/sercom/sercom_interrupt.o
 .debug_line    0x00004e35      0x9b6 src/ASF/common2/services/delay/sam0/systick_counter.o
 .debug_line    0x000057eb      0xc8d src/ASF/common2/boards/user_board/init.o
 .debug_line    0x00006478      0x8c7 src/ASF/common/utils/interrupt/interrupt_sam_nvic.o
 .debug_line    0x00006d3f      0xcad src/ASF/sam0/drivers/system/clock/clock_samd21_r21_da_ha1/clock.o
 .debug_line    0x000079ec      0xb9e src/ASF/sam0/drivers/system/clock/clock_samd21_r21_da_ha1/gclk.o
 .debug_line    0x0000858a      0x96b src/ASF/sam0/drivers/system/pinmux/pinmux.o
 .debug_line    0x00008ef5      0x9ea src/ASF/sam0/drivers/system/system.o
 .debug_line    0x000098df      0x650 src/ASF/sam0/utils/cmsis/samd21/source/gcc/startup_samd21.o

.debug_str      0x00000000    0x8837d
 .debug_str     0x00000000    0x824ee lib/Serial/Serial.o
                              0x8338e (size before relaxing)
 .debug_str     0x000824ee       0x3c main.o
                              0x82ead (size before relaxing)
 .debug_str     0x0008252a     0x14ec src/ASF/sam0/drivers/sercom/sercom.o
                              0x80aea (size before relaxing)
 .debug_str     0x00083a16      0x89a src/ASF/sam0/drivers/sercom/usart/usart.o
                              0x818b5 (size before relaxing)
 .debug_str     0x000842b0      0x216 src/ASF/sam0/drivers/sercom/usart/usart_interrupt.o
                              0x80afb (size before relaxing)
 .debug_str     0x000844c6      0x158 src/ASF/sam0/drivers/sercom/sercom_interrupt.o
                              0x8094d (size before relaxing)
 .debug_str     0x0008461e       0xb1 src/ASF/common2/services/delay/sam0/systick_counter.o
                              0x7f619 (size before relaxing)
 .debug_str     0x000846cf       0x3e src/ASF/common2/boards/user_board/init.o
                              0x80748 (size before relaxing)
 .debug_str     0x0008470d       0x66 src/ASF/common/utils/interrupt/interrupt_sam_nvic.o
                              0x7f409 (size before relaxing)
 .debug_str     0x00084773     0x2793 src/ASF/sam0/drivers/system/clock/clock_samd21_r21_da_ha1/clock.o
                              0x825a2 (size before relaxing)
 .debug_str     0x00086f06      0x1e3 src/ASF/sam0/drivers/system/clock/clock_samd21_r21_da_ha1/gclk.o
                              0x800cc (size before relaxing)
 .debug_str     0x000870e9      0x336 src/ASF/sam0/drivers/system/pinmux/pinmux.o
                              0x7f8ab (size before relaxing)
 .debug_str     0x0008741f       0x3b src/ASF/sam0/drivers/system/system.o
                              0x7f4e6 (size before relaxing)
 .debug_str     0x0008745a      0xf23 src/ASF/sam0/utils/cmsis/samd21/source/gcc/startup_samd21.o
                              0x6b2c6 (size before relaxing)

.debug_frame    0x00000000     0x1048
 .debug_frame   0x00000000      0x150 lib/Serial/Serial.o
 .debug_frame   0x00000150       0x30 main.o
 .debug_frame   0x00000180       0xf8 src/ASF/sam0/drivers/sercom/sercom.o
 .debug_frame   0x00000278      0x190 src/ASF/sam0/drivers/sercom/usart/usart.o
 .debug_frame   0x00000408      0x1e8 src/ASF/sam0/drivers/sercom/usart/usart_interrupt.o
 .debug_frame   0x000005f0      0x118 src/ASF/sam0/drivers/sercom/sercom_interrupt.o
 .debug_frame   0x00000708       0x8c src/ASF/common2/services/delay/sam0/systick_counter.o
 .debug_frame   0x00000794       0x2c src/ASF/common2/boards/user_board/init.o
 .debug_frame   0x000007c0       0x4c src/ASF/common/utils/interrupt/interrupt_sam_nvic.o
 .debug_frame   0x0000080c      0x2a4 src/ASF/sam0/drivers/system/clock/clock_samd21_r21_da_ha1/clock.o
 .debug_frame   0x00000ab0      0x220 src/ASF/sam0/drivers/system/clock/clock_samd21_r21_da_ha1/gclk.o
 .debug_frame   0x00000cd0       0xd0 src/ASF/sam0/drivers/system/pinmux/pinmux.o
 .debug_frame   0x00000da0       0x48 src/ASF/sam0/drivers/system/system.o
 .debug_frame   0x00000de8       0x4c src/ASF/sam0/utils/cmsis/samd21/source/gcc/startup_samd21.o
 .debug_frame   0x00000e34       0x20 c:/program files (x86)/atmel/studio/7.0/toolchain/arm/arm-gnu-toolchain/bin/../lib/gcc/arm-none-eabi/6.3.1/thumb/v6-m\libgcc.a(_udivsi3.o)
 .debug_frame   0x00000e54       0x34 c:/program files (x86)/atmel/studio/7.0/toolchain/arm/arm-gnu-toolchain/bin/../lib/gcc/arm-none-eabi/6.3.1/thumb/v6-m\libgcc.a(_muldi3.o)
 .debug_frame   0x00000e88       0x2c c:/program files (x86)/atmel/studio/7.0/toolchain/arm/arm-gnu-toolchain/bin/../lib/gcc/arm-none-eabi/6.3.1/../../../../arm-none-eabi/lib/thumb/v6-m\libc.a(lib_a-init.o)
 .debug_frame   0x00000eb4       0x54 c:/program files (x86)/atmel/studio/7.0/toolchain/arm/arm-gnu-toolchain/bin/../lib/gcc/arm-none-eabi/6.3.1/../../../../arm-none-eabi/lib/thumb/v6-m\libc.a(lib_a-__call_atexit.o)
 .debug_frame   0x00000f08       0x28 c:/program files (x86)/atmel/studio/7.0/toolchain/arm/arm-gnu-toolchain/bin/../lib/gcc/arm-none-eabi/6.3.1/../../../../arm-none-eabi/lib/thumb/v6-m\libc.a(lib_a-atexit.o)
 .debug_frame   0x00000f30       0x2c c:/program files (x86)/atmel/studio/7.0/toolchain/arm/arm-gnu-toolchain/bin/../lib/gcc/arm-none-eabi/6.3.1/../../../../arm-none-eabi/lib/thumb/v6-m\libc.a(lib_a-fini.o)
 .debug_frame   0x00000f5c       0xb0 c:/program files (x86)/atmel/studio/7.0/toolchain/arm/arm-gnu-toolchain/bin/../lib/gcc/arm-none-eabi/6.3.1/../../../../arm-none-eabi/lib/thumb/v6-m\libc.a(lib_a-lock.o)
 .debug_frame   0x0000100c       0x3c c:/program files (x86)/atmel/studio/7.0/toolchain/arm/arm-gnu-toolchain/bin/../lib/gcc/arm-none-eabi/6.3.1/../../../../arm-none-eabi/lib/thumb/v6-m\libc.a(lib_a-__atexit.o)
